BL51 BANKED LINKER/LOCATER V6.22.4.0                                                    11/09/2023  15:04:40  PAGE 1


BL51 BANKED LINKER/LOCATER V6.22.4.0, INVOKED BY:
C:\KEIL_V5\C51\BIN\BL51.EXE main.obj, mmc_sd.obj, lcd.obj, tp.obj, .\USBX_F34X.LIB TO main RAMSIZE (256)


MEMORY MODEL: SMALL


INPUT MODULES INCLUDED:
  main.obj (MAIN)
  mmc_sd.obj (MMC_SD)
  lcd.obj (LCD)
  tp.obj (TP)
  .\USBX_F34X.LIB (USB_API)
  .\USBX_F34X.LIB (USB_CLOCK_START)
  .\USBX_F34X.LIB (USB_SUSPEND)
  .\USBX_F34X.LIB (GET_INTERRUPT_SOURCE)
  .\USBX_F34X.LIB (BLOCK_READ)
  .\USBX_F34X.LIB (BLOCK_WRITE)
  .\USBX_F34X.LIB (USB_INT_ENABLE)
  .\USBX_F34X.LIB (USB_CLOCK_RECOVERY)
  .\USBX_F34X.LIB (USB_JUMP_ISR)
  C:\KEIL_V5\C51\LIB\C51S.LIB (?C_STARTUP)
  C:\KEIL_V5\C51\LIB\C51S.LIB (?C?COPY)
  C:\KEIL_V5\C51\LIB\C51S.LIB (?C?CLDPTR)
  C:\KEIL_V5\C51\LIB\C51S.LIB (?C?CLDOPTR)
  C:\KEIL_V5\C51\LIB\C51S.LIB (?C?IMUL)
  C:\KEIL_V5\C51\LIB\C51S.LIB (?C?IILDX)
  C:\KEIL_V5\C51\LIB\C51S.LIB (?C?LMUL)
  C:\KEIL_V5\C51\LIB\C51S.LIB (?C?ULDIV)
  C:\KEIL_V5\C51\LIB\C51S.LIB (?C?ULCMP)
  C:\KEIL_V5\C51\LIB\C51S.LIB (?C?ULSHR)
  C:\KEIL_V5\C51\LIB\C51S.LIB (?C?LSHL)
  C:\KEIL_V5\C51\LIB\C51S.LIB (?C?LLDIIDATA)
  C:\KEIL_V5\C51\LIB\C51S.LIB (?C?LSTXDATA)
  C:\KEIL_V5\C51\LIB\C51S.LIB (?C?LSTKXDATA)
  C:\KEIL_V5\C51\LIB\C51S.LIB (?C_IBP)
  C:\KEIL_V5\C51\LIB\C51S.LIB (?C_INIT)


LINK MAP OF MODULE:  main (MAIN)


            TYPE    BASE      LENGTH    RELOCATION   SEGMENT NAME
            -----------------------------------------------------

            * * * * * * *   D A T A   M E M O R Y   * * * * * * *
            REG     0000H     0008H     ABSOLUTE     "REG BANK 0"
            DATA    0008H     001FH     UNIT         _DATA_GROUP_
            DATA    0027H     0014H     UNIT         ?DT?DISPBAND?LCD
            DATA    003BH     0010H     UNIT         ?DT?MAIN
            DATA    004BH     0010H     UNIT         ?DT?_READ_ID?LCD
            DATA    005BH     000AH     UNIT         ?DT?_DRAWLINE?LCD
            DATA    0065H     0004H     UNIT         ?DT?_STOPDELAY?MAIN
            DATA    0069H     0004H     UNIT         ?DT?DISPSCALEHOR1?LCD
            DATA    006DH     0004H     UNIT         ?DT?DISPSCALEHOR2?LCD
            DATA    0071H     0004H     UNIT         ?DT?_DRAWGIRD?LCD
            DATA    0075H     0002H     UNIT         ?DT?DISPSCALEVER?LCD
            DATA    0077H     0002H     UNIT         ?DT?DISPGRAYHOR16?LCD
BL51 BANKED LINKER/LOCATER V6.22.4.0                                                  11/09/2023  15:04:40  PAGE 2


            DATA    0079H     0002H     UNIT         ?DT?DISPBLOCK?LCD
            DATA    007BH     0002H     UNIT         ?DT?_PUTPIXEL?LCD
            DATA    007DH     0001H     UNIT         ?C?LIB_DATA
            IDATA   007EH     0001H     UNIT         ?STACK

            * * * * * * *  X D A T A   M E M O R Y  * * * * * * *
            XDATA   0000H     0200H     UNIT         ?XD?MMC_SD
            XDATA   0200H     0058H     UNIT         _XDATA_GROUP_
            XDATA   0258H     0040H     UNIT         ?XD?MAIN
            XDATA   0298H     001BH     UNIT         ?XD?_TP_GETPOSITION?TP
            XDATA   02B3H     0018H     UNIT         ?XD?TP_DRAWLINE?TP
            XDATA   02CBH     0005H     UNIT         ?XD?TP_READ?TP
            XDATA   02D0H     0001H     UNIT         ?XD?_TP_WRITE?TP
                    02D1H     036FH                  *** GAP ***
            XDATA   0640H     0100H     ABSOLUTE     
            XDATA   0740H     0012H     ABSOLUTE     
            XDATA   0752H     0020H     ABSOLUTE     
            XDATA   0772H     000CH     ABSOLUTE     
            XDATA   077EH     0008H     ABSOLUTE     
            XDATA   0786H     0001H     ABSOLUTE     
            XDATA   0787H     0003H     ABSOLUTE     
            XDATA   078AH     0002H     ABSOLUTE     
            XDATA   078CH     0002H     ABSOLUTE     
            XDATA   078EH     0003H     ABSOLUTE     
            XDATA   0791H     0001H     ABSOLUTE     
            XDATA   0792H     0001H     ABSOLUTE     
            XDATA   0793H     0001H     ABSOLUTE     
            XDATA   0794H     0001H     ABSOLUTE     
            XDATA   0795H     0002H     ABSOLUTE     
            XDATA   0797H     0002H     ABSOLUTE     
            XDATA   0799H     0001H     ABSOLUTE     
            XDATA   079AH     0001H     ABSOLUTE     
            XDATA   079BH     0001H     ABSOLUTE     
            XDATA   079CH     0001H     ABSOLUTE     
            XDATA   079DH     0001H     ABSOLUTE     
            XDATA   079EH     0001H     ABSOLUTE     
            XDATA   079FH     0002H     ABSOLUTE     
            XDATA   07A1H     0001H     ABSOLUTE     
            XDATA   07A2H     0001H     ABSOLUTE     
            XDATA   07A3H     000CH     ABSOLUTE     
                    07AFH     0011H                  *** GAP ***
            XDATA   07C0H     0040H     ABSOLUTE     

            * * * * * * *   C O D E   M E M O R Y   * * * * * * *
            CODE    0000H     0003H     ABSOLUTE     
            CODE    0003H     0040H     UNIT         ?PR?READDATA?LCD
            CODE    0043H     0003H     ABSOLUTE     
            CODE    0046H     0042H     UNIT         ?PR?MCU_INIT?MAIN
            CODE    0088H     0003H     UNIT         ?PR?SUSPEND_DEVICE?MAIN
            CODE    008BH     0003H     ABSOLUTE     
            CODE    008EH     0610H     UNIT         ?CO?LCD
            CODE    069EH     05A0H     UNIT         ?PR?CONNTOUSB?MAIN
            CODE    0C3EH     04C5H     UNIT         ?PR?LCD_INIT?LCD
            CODE    1103H     0315H     UNIT         ?C?LIB_CODE
            CODE    1418H     0296H     UNIT         ?PR?DISPSCALEHOR2?LCD
            CODE    16AEH     0233H     UNIT         ?PR?USBXCORE_HANDLE_SETUP?USB_API
            CODE    18E1H     01EBH     UNIT         ?PR?DISPSCALEHOR1?LCD
BL51 BANKED LINKER/LOCATER V6.22.4.0                                                  11/09/2023  15:04:40  PAGE 3


            CODE    1ACCH     01D7H     UNIT         ?PR?TP_DRAWLINE?TP
            CODE    1CA3H     0151H     UNIT         ?PR?USBXCORE_USB_ISR?USB_API
            CODE    1DF4H     0137H     UNIT         ?PR?_USB_INIT?USB_API
            CODE    1F2BH     011BH     UNIT         ?PR?_TP_GETPOSITION?TP
            CODE    2046H     011AH     UNIT         ?PR?DISPSCALEVER?LCD
            CODE    2160H     0111H     UNIT         ?PR?_BLOCK_WRITE?BLOCK_WRITE
            CODE    2271H     010EH     UNIT         ?PR?USB_API_TEST_ISR?MAIN
            CODE    237FH     00CDH     UNIT         ?PR?USBXCORE_VENDOR_USB_API?USB_API
            CODE    244CH     00C0H     UNIT         ?PR?DISPBLOCK?LCD
            CODE    250CH     00B9H     UNIT         ?PR?_DISPPICFROMSD?LCD
            CODE    25C5H     00B3H     UNIT         ?PR?MMC_SD_RESET?MMC_SD
            CODE    2678H     00B2H     UNIT         ?PR?_?BLOCKWRITE?LCD
            CODE    272AH     00B2H     UNIT         ?PR?USBXCORE_GET_DESCRIPTOR?USB_API
            CODE    27DCH     00AFH     UNIT         ?PR?_BLOCK_READ?BLOCK_READ
            CODE    288BH     00AEH     UNIT         ?PR?DISPBAND?LCD
            CODE    2939H     00A4H     UNIT         ?PR?_DISPONECHAR?LCD
            CODE    29DDH     009BH     UNIT         ?PR?_DISPSTR?LCD
            CODE    2A78H     009AH     UNIT         ?PR?_DISPINT?LCD
            CODE    2B12H     008CH     UNIT         ?C_C51STARTUP
            CODE    2B9EH     0085H     UNIT         ?PR?DISPFRAME?LCD
            CODE    2C23H     0085H     UNIT         ?PR?DISPGRAYHOR16?LCD
            CODE    2CA8H     007EH     UNIT         ?PR?_MMC_SD_WRITESINGLEBLOCK?MMC_SD
            CODE    2D26H     007DH     UNIT         ?PR?MAIN?MAIN
            CODE    2DA3H     007AH     UNIT         ?PR?DISPGRAYHOR32?LCD
            CODE    2E1DH     0075H     UNIT         ?PR?_DRAWGIRD?LCD
            CODE    2E92H     0073H     UNIT         ?PR?TP_READ?TP
            CODE    2F05H     0073H     UNIT         ?PR?USBXCORE_GET_STATUS?USB_API
            CODE    2F78H     006FH     UNIT         ?PR?DEVICES_INIT?MAIN
            CODE    2FE7H     0065H     UNIT         ?PR?_MMC_SD_READSINGLEBLOCK?MMC_SD
            CODE    304CH     0064H     UNIT         ?PR?_DRAWLINE?LCD
            CODE    30B0H     0061H     UNIT         ?PR?_MMC_SD_SENDCOMMAND?MMC_SD
            CODE    3111H     005DH     UNIT         ?PR?_READ_ID?LCD
            CODE    316EH     005AH     UNIT         ?PR?USBXCORE_SET_CONFIGURATION?USB_API
            CODE    31C8H     0058H     UNIT         ?PR?USBXCORE_CLEAR_FEATURE?USB_API
            CODE    3220H     0057H     UNIT         ?PR?USBXCORE_SET_FEATURE?USB_API
            CODE    3277H     0056H     UNIT         ?PR?_TOORD?LCD
            CODE    32CDH     0050H     UNIT         ?CO?MAIN
            CODE    331DH     0048H     UNIT         ?PR?_STOPDELAY?MAIN
            CODE    3365H     0047H     UNIT         ?PR?USBXCORE_GET_CONFIGURATION?USB_API
            CODE    33ACH     003FH     UNIT         ?PR?DISPSNOW?LCD
            CODE    33EBH     003AH     UNIT         ?CO?USB_API
            CODE    3425H     0038H     UNIT         ?PR?USB_CLOCK_START?USB_CLOCK_START
            CODE    345DH     0037H     UNIT         ?PR?_DISPCOLOR?LCD
            CODE    3494H     002EH     UNIT         ?PR?_PUTPIXEL?LCD
            CODE    34C2H     002BH     UNIT         ?PR?USB_SUSPEND?USB_SUSPEND
            CODE    34EDH     0029H     UNIT         ?C_INITSEG
            CODE    3516H     0027H     UNIT         ?PR?USBXCORE_USB_RESET?USB_API
            CODE    353DH     0027H     UNIT         ?PR?USBXCORE_GET_INTERFACE?USB_API
            CODE    3564H     0026H     UNIT         ?PR?_TP_WRITE?TP
            CODE    358AH     0024H     UNIT         ?PR?_WRITEDATA?LCD
            CODE    35AEH     0023H     UNIT         ?PR?_DELAY?MAIN
            CODE    35D1H     0022H     UNIT         ?PR?USBXCORE_JUMP_ISR?USB_JUMP_ISR
            CODE    35F3H     0020H     UNIT         ?PR?_SENDDATASPI?LCD
            CODE    3613H     0020H     UNIT         ?PR?USBXCORE_SET_ADDRESS?USB_API
            CODE    3633H     001DH     UNIT         ?PR?USBXCORE_FORCE_STALL?USB_API
            CODE    3650H     0019H     UNIT         ?PR?USB_INT_ENABLE?USB_INT_ENABLE
            CODE    3669H     0016H     UNIT         ?PR?_SPI_WRITEBYTE?MMC_SD
BL51 BANKED LINKER/LOCATER V6.22.4.0                                                  11/09/2023  15:04:40  PAGE 4


            CODE    367FH     0015H     UNIT         ?PR?_WRITEONEDOT?LCD
            CODE    3694H     0014H     UNIT         ?PR?USBXCORE_SET_SOP?USB_API
            CODE    36A8H     0013H     UNIT         ?PR?WAITKEY?MAIN
            CODE    36BBH     0010H     UNIT         ?PR?SD_INIT?MMC_SD
            CODE    36CBH     000EH     UNIT         ?PR?GET_INTERRUPT_SOURCE?GET_INTERRUPT_SOURCE
            CODE    36D9H     000CH     UNIT         ?PR?USBXCORE_CLKREC?USB_CLOCK_RECOVERY
            CODE    36E5H     000BH     UNIT         ?PR?SPI_READBYTE?MMC_SD
            CODE    36F0H     000AH     UNIT         ?PR?_WRITECOMM?LCD
            CODE    36FAH     0008H     UNIT         ?PR?_WRITEDISPDATA?LCD
            CODE    3702H     0008H     UNIT         ?CO?TP



OVERLAY MAP OF MODULE:   main (MAIN)


SEGMENT                                            DATA_GROUP          XDATA_GROUP
  +--> CALLED SEGMENT                            START    LENGTH     START    LENGTH
------------------------------------------------------------------------------------
?PR?USB_API_TEST_ISR?MAIN                        0008H    0001H      -----    -----
  +--> ?PR?GET_INTERRUPT_SOURCE?GET_INTERRUP...
  +--> ?PR?_BLOCK_READ?BLOCK_READ
  +--> ?PR?SUSPEND_DEVICE?MAIN
  +--> ?PR?MCU_INIT?MAIN
  +--> ?PR?_?BLOCKWRITE?LCD

?PR?SUSPEND_DEVICE?MAIN                          -----    -----      -----    -----
  +--> ?PR?USB_SUSPEND?USB_SUSPEND

?PR?USB_SUSPEND?USB_SUSPEND                      -----    -----      -----    -----
  +--> ?PR?USB_CLOCK_START?USB_CLOCK_START

?PR?_?BLOCKWRITE?LCD                             -----    -----      -----    -----
  +--> ?PR?_WRITECOMM?LCD
  +--> ?PR?_WRITEDATA?LCD

?PR?_WRITECOMM?LCD                               -----    -----      -----    -----
  +--> ?PR?_SENDDATASPI?LCD

?PR?_WRITEDATA?LCD                               -----    -----      -----    -----
  +--> ?PR?_SENDDATASPI?LCD

*** NEW ROOT ***************************************************

?PR?USBXCORE_USB_ISR?USB_API                     -----    -----      -----    -----
  +--> ?PR?USBXCORE_USB_RESET?USB_API
  +--> ?PR?USBXCORE_HANDLE_SETUP?USB_API
  +--> ?PR?USBXCORE_JUMP_ISR?USB_JUMP_ISR

?PR?USBXCORE_HANDLE_SETUP?USB_API                -----    -----      -----    -----
  +--> ?PR?USBXCORE_GET_STATUS?USB_API
  +--> ?PR?USBXCORE_CLEAR_FEATURE?USB_API
  +--> ?PR?USBXCORE_VENDOR_USB_API?USB_API
  +--> ?PR?USBXCORE_SET_FEATURE?USB_API
  +--> ?PR?USBXCORE_SET_ADDRESS?USB_API
  +--> ?PR?USBXCORE_GET_DESCRIPTOR?USB_API
  +--> ?PR?USBXCORE_GET_CONFIGURATION?USB_API
BL51 BANKED LINKER/LOCATER V6.22.4.0                                                  11/09/2023  15:04:40  PAGE 5


  +--> ?PR?USBXCORE_SET_CONFIGURATION?USB_API
  +--> ?PR?USBXCORE_GET_INTERFACE?USB_API
  +--> ?PR?USBXCORE_SET_SOP?USB_API
  +--> ?PR?USBXCORE_FORCE_STALL?USB_API

?PR?USBXCORE_GET_STATUS?USB_API                  -----    -----      -----    -----
  +--> ?CO?USB_API
  +--> ?PR?USBXCORE_FORCE_STALL?USB_API
  +--> ?PR?USBXCORE_SET_SOP?USB_API

?PR?USBXCORE_CLEAR_FEATURE?USB_API               -----    -----      -----    -----
  +--> ?PR?USBXCORE_FORCE_STALL?USB_API
  +--> ?PR?USBXCORE_SET_SOP?USB_API

?PR?USBXCORE_VENDOR_USB_API?USB_API              -----    -----      -----    -----
  +--> ?PR?USBXCORE_SET_SOP?USB_API

?PR?USBXCORE_SET_FEATURE?USB_API                 -----    -----      -----    -----
  +--> ?PR?USBXCORE_FORCE_STALL?USB_API
  +--> ?PR?USBXCORE_SET_SOP?USB_API

?PR?USBXCORE_SET_ADDRESS?USB_API                 -----    -----      -----    -----
  +--> ?PR?USBXCORE_SET_SOP?USB_API

?PR?USBXCORE_GET_DESCRIPTOR?USB_API              -----    -----      -----    -----
  +--> ?PR?USBXCORE_FORCE_STALL?USB_API
  +--> ?PR?USBXCORE_SET_SOP?USB_API

?PR?USBXCORE_GET_CONFIGURATION?USB_API           -----    -----      -----    -----
  +--> ?CO?USB_API
  +--> ?PR?USBXCORE_SET_SOP?USB_API

?PR?USBXCORE_SET_CONFIGURATION?USB_API           -----    -----      -----    -----
  +--> ?PR?USBXCORE_SET_SOP?USB_API

?PR?USBXCORE_GET_INTERFACE?USB_API               -----    -----      -----    -----
  +--> ?CO?USB_API
  +--> ?PR?USBXCORE_SET_SOP?USB_API

*** NEW ROOT ***************************************************

?C_C51STARTUP                                    -----    -----      -----    -----
  +--> ?PR?MAIN?MAIN
  +--> ?C_INITSEG

?PR?MAIN?MAIN                                    0009H    0001H      -----    -----
  +--> ?PR?DEVICES_INIT?MAIN
  +--> ?PR?SD_INIT?MMC_SD
  +--> ?PR?_DELAY?MAIN
  +--> ?PR?DISPFRAME?LCD
  +--> ?PR?WAITKEY?MAIN
  +--> ?PR?_DISPCOLOR?LCD
  +--> ?PR?DISPGRAYHOR32?LCD
  +--> ?PR?_DISPPICFROMSD?LCD

?PR?DEVICES_INIT?MAIN                            -----    -----      -----    -----
  +--> ?PR?MCU_INIT?MAIN
BL51 BANKED LINKER/LOCATER V6.22.4.0                                                  11/09/2023  15:04:40  PAGE 6


  +--> ?PR?USB_CLOCK_START?USB_CLOCK_START
  +--> ?CO?MAIN
  +--> ?PR?_USB_INIT?USB_API
  +--> ?PR?USB_INT_ENABLE?USB_INT_ENABLE
  +--> ?PR?SD_INIT?MMC_SD
  +--> ?PR?LCD_INIT?LCD

?PR?_USB_INIT?USB_API                            -----    -----      0200H    0011H
  +--> ?CO?USB_API
  +--> ?PR?USBXCORE_CLKREC?USB_CLOCK_RECOVERY

?PR?SD_INIT?MMC_SD                               -----    -----      -----    -----
  +--> ?PR?MMC_SD_RESET?MMC_SD

?PR?MMC_SD_RESET?MMC_SD                          -----    -----      -----    -----
  +--> ?PR?_SPI_WRITEBYTE?MMC_SD
  +--> ?PR?_MMC_SD_SENDCOMMAND?MMC_SD

?PR?_MMC_SD_SENDCOMMAND?MMC_SD                   001BH    0005H      -----    -----
  +--> ?PR?_SPI_WRITEBYTE?MMC_SD

?PR?LCD_INIT?LCD                                 -----    -----      -----    -----
  +--> ?PR?_DELAY?MAIN
  +--> ?PR?_WRITECOMM?LCD
  +--> ?PR?_WRITEDATA?LCD

?PR?DISPFRAME?LCD                                -----    -----      -----    -----
  +--> ?PR?_?BLOCKWRITE?LCD
  +--> ?PR?_SENDDATASPI?LCD

?PR?WAITKEY?MAIN                                 -----    -----      -----    -----
  +--> ?PR?CONNTOUSB?MAIN
  +--> ?PR?_DELAY?MAIN

?PR?CONNTOUSB?MAIN                               000AH    0005H      0200H    0058H
  +--> ?CO?MAIN
  +--> ?PR?_WRITECOMM?LCD
  +--> ?PR?_WRITEDATA?LCD
  +--> ?PR?_DISPSTR?LCD
  +--> ?PR?_DISPINT?LCD
  +--> ?PR?_WRITEDISPDATA?LCD
  +--> ?PR?_MMC_SD_WRITESINGLEBLOCK?MMC_SD
  +--> ?PR?_BLOCK_WRITE?BLOCK_WRITE
  +--> ?PR?READDATA?LCD
  +--> ?PR?_DELAY?MAIN

?PR?_DISPSTR?LCD                                 000FH    000BH      -----    -----
  +--> ?PR?_TOORD?LCD
  +--> ?PR?_DISPONECHAR?LCD
  +--> ?PR?_?BLOCKWRITE?LCD

?PR?_DISPONECHAR?LCD                             001AH    000DH      -----    -----
  +--> ?PR?_?BLOCKWRITE?LCD
  +--> ?CO?LCD
  +--> ?PR?_WRITEONEDOT?LCD

?PR?_WRITEONEDOT?LCD                             -----    -----      -----    -----
BL51 BANKED LINKER/LOCATER V6.22.4.0                                                  11/09/2023  15:04:40  PAGE 7


  +--> ?PR?_SENDDATASPI?LCD

?PR?_DISPINT?LCD                                 000FH    000AH      -----    -----
  +--> ?PR?_DISPONECHAR?LCD
  +--> ?PR?_?BLOCKWRITE?LCD

?PR?_WRITEDISPDATA?LCD                           -----    -----      -----    -----
  +--> ?PR?_SENDDATASPI?LCD

?PR?_MMC_SD_WRITESINGLEBLOCK?MMC_SD              000FH    0004H      -----    -----
  +--> ?PR?_MMC_SD_SENDCOMMAND?MMC_SD
  +--> ?PR?_SPI_WRITEBYTE?MMC_SD

?PR?_DISPCOLOR?LCD                               000AH    0002H      -----    -----
  +--> ?PR?_?BLOCKWRITE?LCD
  +--> ?PR?_SENDDATASPI?LCD

?PR?DISPGRAYHOR32?LCD                            000AH    0002H      -----    -----
  +--> ?PR?_?BLOCKWRITE?LCD
  +--> ?PR?_SENDDATASPI?LCD

?PR?_DISPPICFROMSD?LCD                           000AH    000DH      -----    -----
  +--> ?PR?_?BLOCKWRITE?LCD
  +--> ?PR?_MMC_SD_READSINGLEBLOCK?MMC_SD
  +--> ?PR?_WRITEDISPDATA?LCD

?PR?_MMC_SD_READSINGLEBLOCK?MMC_SD               0017H    0004H      -----    -----
  +--> ?PR?_MMC_SD_SENDCOMMAND?MMC_SD
  +--> ?PR?SPI_READBYTE?MMC_SD
  +--> ?PR?_SPI_WRITEBYTE?MMC_SD



SYMBOL TABLE OF MODULE:  main (MAIN)

  VALUE           TYPE          NAME
  ----------------------------------

  -------         MODULE        MAIN
  C:0000H         SYMBOL        _ICE_DUMMY_
  D:0080H         PUBLIC        P0
  D:003BH         PUBLIC        f_down
  D:0090H         PUBLIC        P1
  D:00A0H         PUBLIC        P2
  D:00B0H         PUBLIC        P3
  C:3318H         PUBLIC        USB_MaxPower
  B:00B0H.6       PUBLIC        KEY_STEP
  D:00A4H         PUBLIC        P0MDOUT
  D:00A5H         PUBLIC        P1MDOUT
  D:00A6H         PUBLIC        P2MDOUT
  D:00A7H         PUBLIC        P3MDOUT
  D:00AEH         PUBLIC        P4MDOUT
  B:0080H.6       PUBLIC        OE
  D:00D9H         PUBLIC        PCA0MD
  C:2271H         PUBLIC        USB_API_TEST_ISR
  C:331DH         PUBLIC        _StopDelay
  C:0088H         PUBLIC        Suspend_Device
BL51 BANKED LINKER/LOCATER V6.22.4.0                                                  11/09/2023  15:04:40  PAGE 8


  D:00E1H         PUBLIC        XBR0
  D:00E2H         PUBLIC        XBR1
  B:00B0H.1       PUBLIC        RS
  C:2D26H         PUBLIC        main
  D:003CH         PUBLIC        VerifyCode0
  D:003DH         PUBLIC        VerifyCode1
  C:32E2H         PUBLIC        USB_PID
  D:003EH         PUBLIC        VerifyCode2
  D:00F1H         PUBLIC        P0MDIN
  D:00F2H         PUBLIC        P1MDIN
  C:32E4H         PUBLIC        USB_MfrStr
  D:00F4H         PUBLIC        P3MDIN
  C:32E0H         PUBLIC        USB_VID
  D:00F8H         PUBLIC        SPI0CN
  D:003FH         PUBLIC        pic
  C:2F78H         PUBLIC        Devices_Init
  C:069EH         PUBLIC        ConnToUSB
  D:00A9H         PUBLIC        CLKSEL
  D:00B2H         PUBLIC        OSCICN
  C:3319H         PUBLIC        USB_PwAttributes
  C:36A8H         PUBLIC        WaitKey
  C:331CH         SYMBOL        _?ix1000
  B:00A0H.0       PUBLIC        CS0
  D:0040H         PUBLIC        bf
  C:331AH         PUBLIC        USB_bcdDevice
  D:00B9H         PUBLIC        CLKMUL
  D:0042H         PUBLIC        f_debug
  D:0043H         PUBLIC        sd
  X:0258H         PUBLIC        Packet
  C:0046H         PUBLIC        MCU_Init
  B:0080H.7       PUBLIC        DIR
  D:00EFH         PUBLIC        RSTSRC
  D:0047H         PUBLIC        f_read
  C:330EH         PUBLIC        USB_SerialStr
  D:0048H         PUBLIC        f_other
  C:32FEH         PUBLIC        USB_ProductStr
  D:0049H         PUBLIC        f_para
  D:00A1H         PUBLIC        SPI0CFG
  C:35B2H         PUBLIC        _Delay
  B:00B0H.7       PUBLIC        KEY_Stop
  D:004AH         PUBLIC        f_init
  -------         PROC          MAIN
  -------         DO            
  D:0009H         SYMBOL        n
  -------         ENDDO         
  C:2D26H         LINE#         40
  C:2D26H         LINE#         41
  C:2D26H         LINE#         45
  C:2D29H         LINE#         48
  C:2D2CH         LINE#         49
  C:2D33H         LINE#         53
  C:2D33H         LINE#         54
  C:2D33H         LINE#         57
  C:2D36H         LINE#         58
  C:2D3CH         LINE#         59
  C:2D43H         LINE#         60
  C:2D49H         LINE#         62
BL51 BANKED LINKER/LOCATER V6.22.4.0                                                  11/09/2023  15:04:40  PAGE 9


  C:2D50H         LINE#         63
  C:2D56H         LINE#         65
  C:2D5DH         LINE#         66
  C:2D63H         LINE#         68
  C:2D6AH         LINE#         69
  C:2D70H         LINE#         71
  C:2D76H         LINE#         72
  C:2D7CH         LINE#         76
  C:2D7FH         LINE#         78
  C:2D85H         LINE#         82
  C:2D88H         LINE#         83
  C:2D88H         LINE#         84
  C:2D8DH         LINE#         85
  C:2D94H         LINE#         86
  C:2D97H         LINE#         87
  -------         ENDPROC       MAIN
  C:35AEH         SYMBOL        L?0136
  -------         PROC          L?0135
  -------         ENDPROC       L?0135
  C:35AEH         SYMBOL        L?0136
  -------         PROC          _DELAY
  D:0006H         SYMBOL        dly
  -------         DO            
  D:0004H         SYMBOL        i
  D:0002H         SYMBOL        j
  -------         ENDDO         
  C:35B2H         LINE#         100
  C:35B2H         LINE#         101
  C:35B2H         LINE#         104
  C:35BCH         LINE#         105
  C:35D0H         LINE#         106
  -------         ENDPROC       _DELAY
  -------         PROC          _STOPDELAY
  D:0065H         SYMBOL        sdly
  -------         DO            
  D:0006H         SYMBOL        i
  D:0004H         SYMBOL        j
  D:0067H         SYMBOL        k
  -------         ENDDO         
  C:331DH         LINE#         108
  C:3321H         LINE#         109
  C:3321H         LINE#         111
  C:3326H         LINE#         112
  C:3326H         LINE#         113
  C:3329H         LINE#         114
  C:3329H         LINE#         115
  C:3335H         LINE#         116
  C:3349H         LINE#         117
  C:3349H         LINE#         119
  C:3349H         LINE#         120
  C:3353H         LINE#         121
  C:3353H         LINE#         122
  C:3364H         LINE#         123
  -------         ENDPROC       _STOPDELAY
  -------         PROC          WAITKEY
  C:36A8H         LINE#         149
  C:36A8H         LINE#         150
BL51 BANKED LINKER/LOCATER V6.22.4.0                                                  11/09/2023  15:04:40  PAGE 10


  C:36A8H         LINE#         151
  C:36ABH         LINE#         152
  C:36ABH         LINE#         154
  C:36AEH         LINE#         156
  C:36B0H         LINE#         158
  C:36B7H         LINE#         159
  C:36BAH         LINE#         161
  -------         ENDPROC       WAITKEY
  -------         PROC          CONNTOUSB
  -------         DO            
  D:000AH         SYMBOL        i
  X:0200H         SYMBOL        reg_data
  X:0218H         SYMBOL        para_data
  D:0007H         SYMBOL        dat
  D:000BH         SYMBOL        reg_index
  D:000DH         SYMBOL        data_num
  D:000EH         SYMBOL        st
  -------         ENDDO         
  C:069EH         LINE#         182
  C:069EH         LINE#         183
  C:069EH         LINE#         190
  C:06B1H         LINE#         193
  C:06B8H         LINE#         194
  C:06B8H         LINE#         195
  C:06BBH         LINE#         196
  C:06BBH         LINE#         197
  C:06CDH         LINE#         198
  C:06CDH         LINE#         199
  C:06F4H         LINE#         200
  C:06F6H         LINE#         201
  C:070AH         LINE#         202
  C:070AH         LINE#         203
  C:0731H         LINE#         205
  C:0731H         LINE#         206
  C:0731H         LINE#         207
  C:0731H         LINE#         209
  C:0731H         LINE#         210
  C:073AH         LINE#         211
  C:0744H         LINE#         212
  C:074EH         LINE#         214
  C:0769H         LINE#         216
  C:0773H         LINE#         217
  C:0773H         LINE#         218
  C:0776H         LINE#         219
  C:0776H         LINE#         220
  C:0788H         LINE#         221
  C:0788H         LINE#         222
  C:07DAH         LINE#         223
  C:07DCH         LINE#         224
  C:07F0H         LINE#         225
  C:07F0H         LINE#         226
  C:0843H         LINE#         227
  C:0843H         LINE#         228
  C:0843H         LINE#         229
  C:0843H         LINE#         231
  C:0843H         LINE#         232
  C:084FH         LINE#         233
BL51 BANKED LINKER/LOCATER V6.22.4.0                                                  11/09/2023  15:04:40  PAGE 11


  C:084FH         LINE#         234
  C:0859H         LINE#         235
  C:0863H         LINE#         237
  C:0866H         LINE#         238
  C:0869H         LINE#         242
  C:0870H         LINE#         243
  C:0870H         LINE#         244
  C:087DH         LINE#         245
  C:087DH         LINE#         246
  C:087FH         LINE#         248
  C:0881H         LINE#         249
  C:089EH         LINE#         250
  C:08A0H         LINE#         252
  C:08C3H         LINE#         253
  C:08E6H         LINE#         254
  C:08EFH         LINE#         255
  C:08EFH         LINE#         256
  C:08F7H         LINE#         257
  C:08FDH         LINE#         258
  C:0908H         LINE#         259
  C:090DH         LINE#         260
  C:090DH         LINE#         261
  C:0914H         LINE#         263
  C:0917H         LINE#         264
  C:0922H         LINE#         265
  C:0925H         LINE#         268
  C:092CH         LINE#         269
  C:092CH         LINE#         270
  C:0935H         LINE#         271
  C:0935H         LINE#         272
  C:0942H         LINE#         273
  C:0942H         LINE#         274
  C:0944H         LINE#         276
  C:0946H         LINE#         277
  C:0963H         LINE#         278
  C:0965H         LINE#         280
  C:0988H         LINE#         281
  C:09ABH         LINE#         283
  C:09B4H         LINE#         284
  C:09B4H         LINE#         285
  C:09BCH         LINE#         286
  C:09C2H         LINE#         287
  C:09CDH         LINE#         288
  C:09D2H         LINE#         289
  C:09D2H         LINE#         291
  C:09D9H         LINE#         297
  C:09D9H         LINE#         298
  C:09E3H         LINE#         299
  C:09E3H         LINE#         300
  C:09E5H         LINE#         302
  C:09E7H         LINE#         303
  C:0A04H         LINE#         304
  C:0A06H         LINE#         306
  C:0A0CH         LINE#         307
  C:0A0FH         LINE#         308
  C:0A1AH         LINE#         309
  C:0A1AH         LINE#         310
BL51 BANKED LINKER/LOCATER V6.22.4.0                                                  11/09/2023  15:04:40  PAGE 12


  C:0A1DH         LINE#         313
  C:0A24H         LINE#         314
  C:0A24H         LINE#         315
  C:0A31H         LINE#         316
  C:0A31H         LINE#         317
  C:0A3FH         LINE#         318
  C:0A3FH         LINE#         319
  C:0A5EH         LINE#         320
  C:0A60H         LINE#         321
  C:0A6FH         LINE#         322
  C:0A6FH         LINE#         323
  C:0A8EH         LINE#         324
  C:0A90H         LINE#         325
  C:0AA0H         LINE#         326
  C:0AA0H         LINE#         329
  C:0AAAH         LINE#         330
  C:0AB4H         LINE#         331
  C:0AB4H         LINE#         332
  C:0AB4H         LINE#         333
  C:0AB4H         LINE#         335
  C:0AB4H         LINE#         336
  C:0ABDH         LINE#         337
  C:0AC0H         LINE#         338
  C:0ACBH         LINE#         339
  C:0ACEH         LINE#         342
  C:0AD5H         LINE#         343
  C:0AD5H         LINE#         344
  C:0AD8H         LINE#         345
  C:0AECH         LINE#         347
  C:0AF4H         LINE#         348
  C:0B02H         LINE#         350
  C:0B0AH         LINE#         351
  C:0B0AH         LINE#         352
  C:0B11H         LINE#         353
  C:0B1BH         LINE#         354
  C:0B1BH         LINE#         355
  C:0B1EH         LINE#         356
  C:0B2BH         LINE#         357
  C:0B38H         LINE#         358
  C:0B3EH         LINE#         359
  C:0B3EH         LINE#         361
  C:0B41H         LINE#         362
  C:0B4FH         LINE#         364
  C:0B56H         LINE#         365
  C:0B71H         LINE#         366
  C:0B7BH         LINE#         367
  C:0B7BH         LINE#         368
  C:0B9BH         LINE#         369
  C:0BA8H         LINE#         370
  C:0BA8H         LINE#         371
  C:0BFBH         LINE#         372
  C:0C01H         LINE#         373
  C:0C01H         LINE#         374
  C:0C01H         LINE#         377
  C:0C05H         LINE#         378
  C:0C05H         LINE#         379
  C:0C08H         LINE#         380
BL51 BANKED LINKER/LOCATER V6.22.4.0                                                  11/09/2023  15:04:40  PAGE 13


  C:0C1CH         LINE#         382
  C:0C21H         LINE#         383
  C:0C25H         LINE#         384
  C:0C28H         LINE#         385
  C:0C2CH         LINE#         387
  C:0C2FH         LINE#         388
  C:0C3BH         LINE#         389
  C:0C3DH         LINE#         390
  -------         ENDPROC       CONNTOUSB
  -------         PROC          MCU_INIT
  -------         DO            
  D:0007H         SYMBOL        n
  -------         ENDDO         
  C:0046H         LINE#         394
  C:0046H         LINE#         395
  C:0046H         LINE#         397
  C:0049H         LINE#         400
  C:004CH         LINE#         401
  C:004FH         LINE#         403
  C:0052H         LINE#         405
  C:0057H         LINE#         407
  C:005AH         LINE#         408
  C:005FH         LINE#         409
  C:0062H         LINE#         411
  C:0065H         LINE#         414
  C:0068H         LINE#         415
  C:006BH         LINE#         417
  C:006EH         LINE#         418
  C:0071H         LINE#         420
  C:0074H         LINE#         421
  C:0077H         LINE#         423
  C:007AH         LINE#         424
  C:007DH         LINE#         426
  C:007FH         LINE#         427
  C:0081H         LINE#         432
  C:0084H         LINE#         433
  C:0087H         LINE#         435
  -------         ENDPROC       MCU_INIT
  -------         PROC          DEVICES_INIT
  C:2F78H         LINE#         437
  C:2F78H         LINE#         438
  C:2F78H         LINE#         440
  C:2F7BH         LINE#         443
  C:2F7EH         LINE#         444
  C:2FD8H         LINE#         445
  C:2FDBH         LINE#         448
  C:2FDEH         LINE#         449
  C:2FE1H         LINE#         453
  C:2FE4H         LINE#         457
  -------         ENDPROC       DEVICES_INIT
  -------         PROC          SUSPEND_DEVICE
  C:0088H         LINE#         461
  C:0088H         LINE#         462
  C:0088H         LINE#         463
  -------         ENDPROC       SUSPEND_DEVICE
  -------         PROC          USB_API_TEST_ISR
  -------         DO            
BL51 BANKED LINKER/LOCATER V6.22.4.0                                                  11/09/2023  15:04:40  PAGE 14


  D:0008H         SYMBOL        INTVAL
  -------         ENDDO         
  C:2271H         LINE#         467
  C:228EH         LINE#         469
  C:2293H         LINE#         471
  C:2298H         LINE#         472
  C:2298H         LINE#         473
  C:22A3H         LINE#         475
  C:22B5H         LINE#         476
  C:22B5H         LINE#         477
  C:22B8H         LINE#         478
  C:22BAH         LINE#         479
  C:22CAH         LINE#         480
  C:22CAH         LINE#         481
  C:22CDH         LINE#         482
  C:22CFH         LINE#         483
  C:22E0H         LINE#         484
  C:22E0H         LINE#         485
  C:22E3H         LINE#         486
  C:22E5H         LINE#         487
  C:22F7H         LINE#         488
  C:22F7H         LINE#         489
  C:22FAH         LINE#         490
  C:22FCH         LINE#         491
  C:230CH         LINE#         492
  C:230CH         LINE#         493
  C:230FH         LINE#         494
  C:2311H         LINE#         496
  C:2311H         LINE#         497
  C:2314H         LINE#         498
  C:2314H         LINE#         499
  C:2314H         LINE#         501
  C:2314H         LINE#         502
  C:2314H         LINE#         504
  C:2314H         LINE#         506
  C:2319H         LINE#         507
  C:2319H         LINE#         508
  C:231CH         LINE#         509
  C:231CH         LINE#         511
  C:2321H         LINE#         512
  C:2321H         LINE#         513
  C:2324H         LINE#         514
  C:2324H         LINE#         516
  C:2329H         LINE#         517
  C:2329H         LINE#         518
  C:2343H         LINE#         519
  C:2343H         LINE#         521
  C:2348H         LINE#         522
  C:2348H         LINE#         523
  C:234AH         LINE#         524
  C:2364H         LINE#         525
  C:2364H         LINE#         526
  -------         ENDPROC       USB_API_TEST_ISR
  -------         ENDMOD        MAIN

  -------         MODULE        MMC_SD
  C:0000H         SYMBOL        _ICE_DUMMY_
BL51 BANKED LINKER/LOCATER V6.22.4.0                                                  11/09/2023  15:04:40  PAGE 15


  D:00A2H         PUBLIC        SPI0CKR
  D:0080H         PUBLIC        P0
  D:0090H         PUBLIC        P1
  D:00A0H         PUBLIC        P2
  D:00B0H         PUBLIC        P3
  C:30B0H         PUBLIC        _MMC_SD_SendCommand
  C:2FE7H         PUBLIC        _MMC_SD_ReadSingleBlock
  C:36BBH         PUBLIC        SD_Init
  C:2CA8H         PUBLIC        _MMC_SD_WriteSingleBlock
  B:00F8H.7       PUBLIC        SPIF
  B:00F8H.2       PUBLIC        NSSMD0
  C:25C5H         PUBLIC        MMC_SD_Reset
  D:00A9H         PUBLIC        CLKSEL
  C:36E5H         PUBLIC        SPI_ReadByte
  C:3675H         PUBLIC        _SPI_WriteByte
  D:00A3H         PUBLIC        SPI0DAT
  X:0000H         PUBLIC        buffer
  C:3669H         SYMBOL        L?0062
  C:366EH         SYMBOL        L?0063
  -------         PROC          L?0061
  -------         ENDPROC       L?0061
  C:3669H         SYMBOL        L?0062
  C:366EH         SYMBOL        L?0063
  -------         PROC          _SPI_WRITEBYTE
  D:0007H         SYMBOL        val
  -------         DO            
  D:0007H         SYMBOL        ret
  -------         ENDDO         
  C:3675H         LINE#         9
  C:3675H         LINE#         10
  C:3675H         LINE#         13
  C:3677H         LINE#         14
  C:367AH         LINE#         15
  C:367CH         LINE#         16
  C:367EH         LINE#         17
  C:367EH         LINE#         18
  -------         ENDPROC       _SPI_WRITEBYTE
  -------         PROC          SPI_READBYTE
  -------         DO            
  D:0007H         SYMBOL        ret
  -------         ENDDO         
  C:36E5H         LINE#         20
  C:36E5H         LINE#         21
  C:36E5H         LINE#         24
  C:36E8H         LINE#         25
  C:36EBH         LINE#         26
  C:36EDH         LINE#         27
  C:36EFH         LINE#         28
  C:36EFH         LINE#         29
  -------         ENDPROC       SPI_READBYTE
  -------         PROC          _MMC_SD_SENDCOMMAND
  D:0006H         SYMBOL        cmd
  D:001CH         SYMBOL        arg
  -------         DO            
  D:0007H         SYMBOL        r1
  D:0003H         SYMBOL        retry
  -------         ENDDO         
BL51 BANKED LINKER/LOCATER V6.22.4.0                                                  11/09/2023  15:04:40  PAGE 16


  C:30B0H         LINE#         31
  C:30B2H         LINE#         32
  C:30B2H         LINE#         34
  C:30B4H         LINE#         36
  C:30B4H         LINE#         37
  C:30B4H         LINE#         38
  C:30B7H         LINE#         39
  C:30B7H         LINE#         40
  C:30B7H         LINE#         41
  C:30BAH         LINE#         43
  C:30BCH         LINE#         45
  C:30C3H         LINE#         46
  C:30D3H         LINE#         47
  C:30E3H         LINE#         48
  C:30F3H         LINE#         49
  C:30F8H         LINE#         50
  C:30FDH         LINE#         52
  C:3105H         LINE#         53
  C:310EH         LINE#         55
  C:3110H         LINE#         57
  C:3110H         LINE#         58
  -------         ENDPROC       _MMC_SD_SENDCOMMAND
  -------         PROC          MMC_SD_RESET
  -------         DO            
  D:0005H         SYMBOL        i
  D:0002H         SYMBOL        retry
  D:0006H         SYMBOL        r1
  -------         ENDDO         
  C:25C5H         LINE#         60
  C:25C5H         LINE#         61
  C:25C5H         LINE#         64
  C:25C7H         LINE#         66
  C:25C8H         LINE#         67
  C:25CBH         LINE#         69
  C:25CEH         LINE#         71
  C:25CEH         LINE#         72
  C:25D9H         LINE#         73
  C:25E8H         LINE#         74
  C:25E9H         LINE#         75
  C:25EFH         LINE#         76
  C:25F2H         LINE#         78
  C:25F4H         LINE#         80
  C:25F4H         LINE#         82
  C:25F4H         LINE#         83
  C:2604H         LINE#         84
  C:2605H         LINE#         85
  C:260EH         LINE#         86
  C:2611H         LINE#         88
  C:2613H         LINE#         89
  C:2622H         LINE#         90
  C:2623H         LINE#         91
  C:262CH         LINE#         92
  C:262FH         LINE#         94
  C:2632H         LINE#         95
  C:2632H         LINE#         96
  C:2634H         LINE#         98
  C:2634H         LINE#         99
BL51 BANKED LINKER/LOCATER V6.22.4.0                                                  11/09/2023  15:04:40  PAGE 17


  C:2644H         LINE#         100
  C:2645H         LINE#         101
  C:264EH         LINE#         102
  C:2651H         LINE#         103
  C:2651H         LINE#         104
  C:2661H         LINE#         106
  C:2670H         LINE#         107
  C:2673H         LINE#         108
  C:2676H         LINE#         109
  C:2677H         LINE#         110
  -------         ENDPROC       MMC_SD_RESET
  -------         PROC          _MMC_SD_WRITESINGLEBLOCK
  D:000FH         SYMBOL        sector
  -------         DO            
  D:0006H         SYMBOL        r1
  D:0004H         SYMBOL        i
  D:0002H         SYMBOL        retry
  -------         ENDDO         
  C:2CA8H         LINE#         112
  C:2CB0H         LINE#         113
  C:2CB0H         LINE#         116
  C:2CB2H         LINE#         118
  C:2CB5H         LINE#         120
  C:2CB5H         LINE#         121
  C:2CD1H         LINE#         122
  C:2CD2H         LINE#         123
  C:2CDBH         LINE#         124
  C:2CDEH         LINE#         128
  C:2CE0H         LINE#         130
  C:2CE5H         LINE#         132
  C:2CEAH         LINE#         134
  C:2CECH         LINE#         135
  C:2CECH         LINE#         136
  C:2CFBH         LINE#         137
  C:2D08H         LINE#         139
  C:2D08H         LINE#         140
  C:2D08H         LINE#         142
  C:2D0DH         LINE#         144
  C:2D14H         LINE#         145
  C:2D14H         LINE#         146
  C:2D16H         LINE#         147
  C:2D17H         LINE#         148
  C:2D17H         LINE#         150
  C:2D1FH         LINE#         152
  C:2D21H         LINE#         153
  C:2D24H         LINE#         154
  C:2D25H         LINE#         155
  -------         ENDPROC       _MMC_SD_WRITESINGLEBLOCK
  -------         PROC          _MMC_SD_READSINGLEBLOCK
  D:0017H         SYMBOL        sector
  -------         DO            
  D:0007H         SYMBOL        r1
  D:0004H         SYMBOL        i
  D:0002H         SYMBOL        retry
  -------         ENDDO         
  C:2FE7H         LINE#         157
  C:2FEFH         LINE#         158
BL51 BANKED LINKER/LOCATER V6.22.4.0                                                  11/09/2023  15:04:40  PAGE 18


  C:2FEFH         LINE#         161
  C:2FF1H         LINE#         163
  C:2FF4H         LINE#         165
  C:2FF4H         LINE#         166
  C:300EH         LINE#         167
  C:300FH         LINE#         168
  C:3018H         LINE#         169
  C:301BH         LINE#         172
  C:301DH         LINE#         174
  C:3023H         LINE#         176
  C:3026H         LINE#         177
  C:3026H         LINE#         178
  C:3035H         LINE#         179
  C:3042H         LINE#         181
  C:3042H         LINE#         182
  C:3045H         LINE#         184
  C:3047H         LINE#         185
  C:304AH         LINE#         186
  C:304BH         LINE#         187
  -------         ENDPROC       _MMC_SD_READSINGLEBLOCK
  -------         PROC          SD_INIT
  -------         DO            
  D:0001H         SYMBOL        n
  -------         ENDDO         
  C:36BBH         LINE#         190
  C:36BBH         LINE#         191
  C:36BBH         LINE#         192
  C:36BDH         LINE#         194
  C:36C3H         LINE#         195
  C:36C3H         LINE#         196
  C:36C4H         LINE#         197
  C:36CAH         LINE#         198
  C:36CAH         LINE#         199
  -------         ENDPROC       SD_INIT
  -------         ENDMOD        MMC_SD

  -------         MODULE        LCD
  C:0000H         SYMBOL        _ICE_DUMMY_
  D:0080H         PUBLIC        P0
  C:244CH         PUBLIC        DispBlock
  C:2B9EH         PUBLIC        DispFrame
  D:0090H         PUBLIC        P1
  D:00A0H         PUBLIC        P2
  D:00B0H         PUBLIC        P3
  D:00C7H         PUBLIC        P4
  C:288BH         PUBLIC        DispBand
  C:35A4H         PUBLIC        _WriteData
  C:3111H         PUBLIC        _Read_Id
  C:009EH         PUBLIC        ascii
  D:00A5H         PUBLIC        P1MDOUT
  C:345DH         PUBLIC        _DispColor
  C:2E1DH         PUBLIC        _DrawGird
  C:304CH         PUBLIC        _DrawLine
  C:36F0H         PUBLIC        _WriteComm
  C:36FAH         PUBLIC        _WriteDispData
  B:00B0H.1       PUBLIC        RS
  D:00F2H         PUBLIC        P1MDIN
BL51 BANKED LINKER/LOCATER V6.22.4.0                                                  11/09/2023  15:04:40  PAGE 19


  C:2046H         PUBLIC        DispScaleVer
  C:294EH         PUBLIC        _DispOneChar
  C:2DA3H         PUBLIC        DispGrayHor32
  C:2C23H         PUBLIC        DispGrayHor16
  C:33ACH         PUBLIC        DispSnow
  C:2A78H         PUBLIC        _DispInt
  C:3494H         PUBLIC        _PutPixel
  D:00A9H         PUBLIC        CLKSEL
  C:008EH         SYMBOL        _?ix1000
  B:0090H.6       PUBLIC        RD0
  B:00A0H.0       PUBLIC        CS0
  C:0C3EH         PUBLIC        LCD_Init
  C:29DDH         PUBLIC        _DispStr
  B:0090H.6       PUBLIC        SDA
  B:0090H.7       PUBLIC        WR0
  C:18E1H         PUBLIC        DispScaleHor1
  C:367FH         PUBLIC        _WriteOneDot
  C:1418H         PUBLIC        DispScaleHor2
  C:250CH         PUBLIC        _DispPicFromSD
  B:0080H.7       PUBLIC        DIR
  B:0090H.7       PUBLIC        SCL
  C:3277H         PUBLIC        _ToOrd
  C:35FAH         PUBLIC        _SendDataSPI
  B:0080H.5       PUBLIC        RST
  C:0003H         PUBLIC        ReadData
  C:268FH         PUBLIC        _?BlockWrite
  C:35F3H         SYMBOL        L?0416
  C:35F4H         SYMBOL        L?0417
  C:35F5H         SYMBOL        L?0418
  -------         PROC          L?0415
  -------         ENDPROC       L?0415
  C:35F3H         SYMBOL        L?0416
  C:35F4H         SYMBOL        L?0417
  C:35F5H         SYMBOL        L?0418
  -------         PROC          _SENDDATASPI
  D:0007H         SYMBOL        dat
  -------         DO            
  D:0006H         SYMBOL        i
  -------         ENDDO         
  C:35FAH         LINE#         9
  C:35FAH         LINE#         10
  C:35FAH         LINE#         13
  C:35FCH         LINE#         14
  C:35FCH         LINE#         15
  C:3604H         LINE#         16
  C:3606H         LINE#         18
  C:360AH         LINE#         20
  C:360CH         LINE#         21
  C:360EH         LINE#         22
  C:3612H         LINE#         23
  -------         ENDPROC       _SENDDATASPI
  -------         PROC          _WRITECOMM
  D:0006H         SYMBOL        i
  C:36F0H         LINE#         25
  C:36F0H         LINE#         26
  C:36F0H         LINE#         28
  C:36F2H         LINE#         29
BL51 BANKED LINKER/LOCATER V6.22.4.0                                                  11/09/2023  15:04:40  PAGE 20


  C:36F4H         LINE#         31
  C:36F7H         LINE#         33
  C:36F9H         LINE#         35
  -------         ENDPROC       _WRITECOMM
  C:3598H         SYMBOL        L?0412
  C:359BH         SYMBOL        L?0413
  C:359EH         SYMBOL        L?0414
  -------         PROC          L?0411
  -------         ENDPROC       L?0411
  C:3598H         SYMBOL        L?0412
  C:359BH         SYMBOL        L?0413
  C:359EH         SYMBOL        L?0414
  -------         PROC          _WRITEDATA
  D:0006H         SYMBOL        i
  C:35A4H         LINE#         36
  C:35A4H         LINE#         37
  C:35A4H         LINE#         38
  C:35A6H         LINE#         39
  C:35A8H         LINE#         41
  C:35ABH         LINE#         43
  C:35ADH         LINE#         44
  -------         ENDPROC       _WRITEDATA
  -------         PROC          _WRITEDISPDATA
  D:0007H         SYMBOL        DataH
  D:0005H         SYMBOL        DataL
  C:36FAH         LINE#         46
  C:36FAH         LINE#         47
  C:36FAH         LINE#         50
  C:36FDH         LINE#         51
  -------         ENDPROC       _WRITEDISPDATA
  -------         PROC          LCD_INIT
  C:0C3EH         LINE#         56
  C:0C3EH         LINE#         57
  C:0C3EH         LINE#         63
  C:0C40H         LINE#         64
  C:0C47H         LINE#         66
  C:0C49H         LINE#         67
  C:0C50H         LINE#         69
  C:0C52H         LINE#         70
  C:0C59H         LINE#         73
  C:0C60H         LINE#         74
  C:0C67H         LINE#         75
  C:0C6EH         LINE#         77
  C:0C75H         LINE#         78
  C:0C7CH         LINE#         80
  C:0C83H         LINE#         81
  C:0C8AH         LINE#         83
  C:0C91H         LINE#         84
  C:0C98H         LINE#         86
  C:0C9FH         LINE#         87
  C:0CA6H         LINE#         89
  C:0CADH         LINE#         90
  C:0CB4H         LINE#         92
  C:0CBBH         LINE#         93
  C:0CC2H         LINE#         95
  C:0CC9H         LINE#         96
  C:0CD0H         LINE#         98
BL51 BANKED LINKER/LOCATER V6.22.4.0                                                  11/09/2023  15:04:40  PAGE 21


  C:0CD7H         LINE#         99
  C:0CDEH         LINE#         101
  C:0CE5H         LINE#         102
  C:0CECH         LINE#         104
  C:0CF3H         LINE#         105
  C:0CFAH         LINE#         107
  C:0D01H         LINE#         108
  C:0D08H         LINE#         110
  C:0D0FH         LINE#         111
  C:0D16H         LINE#         113
  C:0D1DH         LINE#         114
  C:0D24H         LINE#         116
  C:0D2BH         LINE#         117
  C:0D32H         LINE#         119
  C:0D39H         LINE#         120
  C:0D40H         LINE#         122
  C:0D47H         LINE#         123
  C:0D4EH         LINE#         125
  C:0D55H         LINE#         126
  C:0D5CH         LINE#         128
  C:0D63H         LINE#         129
  C:0D6AH         LINE#         131
  C:0D71H         LINE#         132
  C:0D78H         LINE#         133
  C:0D7AH         LINE#         134
  C:0D7AH         LINE#         135
  C:0D7AH         LINE#         136
  C:0D7AH         LINE#         137
  C:0D7DH         LINE#         138
  C:0D83H         LINE#         140
  C:0D8AH         LINE#         141
  C:0D91H         LINE#         142
  C:0D98H         LINE#         143
  C:0D9FH         LINE#         145
  C:0DA6H         LINE#         146
  C:0DADH         LINE#         147
  C:0DB4H         LINE#         149
  C:0DBBH         LINE#         150
  C:0DC2H         LINE#         151
  C:0DC9H         LINE#         152
  C:0DD0H         LINE#         153
  C:0DD7H         LINE#         155
  C:0DDEH         LINE#         156
  C:0DE5H         LINE#         157
  C:0DECH         LINE#         158
  C:0DF3H         LINE#         159
  C:0DFAH         LINE#         161
  C:0E01H         LINE#         162
  C:0E08H         LINE#         163
  C:0E0FH         LINE#         164
  C:0E16H         LINE#         165
  C:0E1DH         LINE#         166
  C:0E24H         LINE#         167
  C:0E2BH         LINE#         169
  C:0E32H         LINE#         170
  C:0E39H         LINE#         171
  C:0E40H         LINE#         172
BL51 BANKED LINKER/LOCATER V6.22.4.0                                                  11/09/2023  15:04:40  PAGE 22


  C:0E47H         LINE#         173
  C:0E4EH         LINE#         174
  C:0E55H         LINE#         175
  C:0E5CH         LINE#         177
  C:0E63H         LINE#         178
  C:0E63H         LINE#         179
  C:0E66H         LINE#         181
  C:0E6DH         LINE#         182
  C:0E74H         LINE#         183
  C:0E7BH         LINE#         184
  C:0E82H         LINE#         185
  C:0E89H         LINE#         186
  C:0E90H         LINE#         187
  C:0E97H         LINE#         188
  C:0E9EH         LINE#         190
  C:0EA5H         LINE#         191
  C:0EACH         LINE#         192
  C:0EB3H         LINE#         193
  C:0EBAH         LINE#         194
  C:0EBEH         LINE#         195
  C:0EBEH         LINE#         196
  C:0EC1H         LINE#         197
  C:0EC8H         LINE#         198
  C:0ECFH         LINE#         199
  C:0ED6H         LINE#         200
  C:0EDDH         LINE#         201
  C:0EE4H         LINE#         202
  C:0EEBH         LINE#         203
  C:0EF2H         LINE#         204
  C:0EF4H         LINE#         205
  C:0EF4H         LINE#         206
  C:0EF4H         LINE#         207
  C:0EF4H         LINE#         208
  C:0EF7H         LINE#         209
  C:0EFEH         LINE#         210
  C:0F05H         LINE#         211
  C:0F0CH         LINE#         212
  C:0F13H         LINE#         213
  C:0F1AH         LINE#         214
  C:0F21H         LINE#         215
  C:0F28H         LINE#         216
  C:0F2CH         LINE#         217
  C:0F2CH         LINE#         218
  C:0F2FH         LINE#         219
  C:0F36H         LINE#         220
  C:0F3DH         LINE#         221
  C:0F44H         LINE#         222
  C:0F4BH         LINE#         224
  C:0F52H         LINE#         225
  C:0F59H         LINE#         227
  C:0F60H         LINE#         228
  C:0F67H         LINE#         230
  C:0F6EH         LINE#         231
  C:0F75H         LINE#         232
  C:0F7CH         LINE#         233
  C:0F83H         LINE#         234
  C:0F87H         LINE#         235
BL51 BANKED LINKER/LOCATER V6.22.4.0                                                  11/09/2023  15:04:40  PAGE 23


  C:0F8AH         LINE#         237
  C:0F91H         LINE#         238
  C:0F98H         LINE#         240
  C:0F9FH         LINE#         241
  C:0FA6H         LINE#         242
  C:0FADH         LINE#         243
  C:0FB4H         LINE#         244
  C:0FBBH         LINE#         245
  C:0FC2H         LINE#         246
  C:0FC9H         LINE#         248
  C:0FD0H         LINE#         249
  C:0FD7H         LINE#         250
  C:0FDEH         LINE#         251
  C:0FE5H         LINE#         253
  C:0FECH         LINE#         254
  C:0FF3H         LINE#         255
  C:0FFAH         LINE#         257
  C:1001H         LINE#         258
  C:1008H         LINE#         259
  C:100FH         LINE#         260
  C:1016H         LINE#         261
  C:101DH         LINE#         262
  C:1024H         LINE#         264
  C:102BH         LINE#         265
  C:1032H         LINE#         266
  C:1039H         LINE#         267
  C:1040H         LINE#         268
  C:1044H         LINE#         269
  C:1047H         LINE#         270
  C:104EH         LINE#         272
  C:1055H         LINE#         273
  C:105CH         LINE#         274
  C:1063H         LINE#         275
  C:106AH         LINE#         276
  C:106EH         LINE#         277
  C:1071H         LINE#         278
  C:1078H         LINE#         280
  C:107FH         LINE#         281
  C:1086H         LINE#         282
  C:108DH         LINE#         283
  C:1094H         LINE#         284
  C:109BH         LINE#         285
  C:10A2H         LINE#         286
  C:10A9H         LINE#         288
  C:10B0H         LINE#         289
  C:10B7H         LINE#         290
  C:10BEH         LINE#         291
  C:10C5H         LINE#         292
  C:10CCH         LINE#         293
  C:10D3H         LINE#         294
  C:10DAH         LINE#         296
  C:10E1H         LINE#         297
  C:10E7H         LINE#         300
  C:10EEH         LINE#         301
  C:10F5H         LINE#         303
  C:10FCH         LINE#         304
  -------         ENDPROC       LCD_INIT
BL51 BANKED LINKER/LOCATER V6.22.4.0                                                  11/09/2023  15:04:40  PAGE 24


  C:2678H         SYMBOL        L?0410
  -------         PROC          L?0409
  -------         ENDPROC       L?0409
  C:2678H         SYMBOL        L?0410
  -------         PROC          _?BLOCKWRITE
  i:0000H         SYMBOL        Xstart
  i:0002H         SYMBOL        Xend
  i:0004H         SYMBOL        Ystart
  i:0006H         SYMBOL        Yend
  C:268FH         LINE#         307
  C:26B0H         LINE#         310
  C:26B7H         LINE#         311
  C:26C0H         LINE#         312
  C:26CAH         LINE#         313
  C:26D7H         LINE#         314
  C:26E3H         LINE#         316
  C:26EAH         LINE#         317
  C:26F6H         LINE#         318
  C:2703H         LINE#         319
  C:270FH         LINE#         320
  C:271CH         LINE#         322
  C:2723H         LINE#         323
  -------         ENDPROC       _?BLOCKWRITE
  -------         PROC          _DISPCOLOR
  D:000AH         SYMBOL        color
  -------         DO            
  D:0004H         SYMBOL        i
  D:0002H         SYMBOL        j
  -------         ENDDO         
  C:345DH         LINE#         325
  C:3461H         LINE#         326
  C:3461H         LINE#         329
  C:3464H         LINE#         330
  C:3467H         LINE#         331
  C:3469H         LINE#         332
  C:346BH         LINE#         335
  C:346DH         LINE#         336
  C:346DH         LINE#         337
  C:3470H         LINE#         338
  C:3470H         LINE#         339
  C:3476H         LINE#         340
  C:347BH         LINE#         341
  C:3486H         LINE#         342
  C:3491H         LINE#         344
  C:3493H         LINE#         345
  -------         ENDPROC       _DISPCOLOR
  -------         PROC          DISPBAND
  -------         DO            
  D:0004H         SYMBOL        i
  D:0027H         SYMBOL        j
  D:0029H         SYMBOL        k
  D:002BH         SYMBOL        color
  -------         ENDDO         
  C:288BH         LINE#         347
  C:288BH         LINE#         348
  C:288BH         LINE#         351
  C:289EH         LINE#         354
BL51 BANKED LINKER/LOCATER V6.22.4.0                                                  11/09/2023  15:04:40  PAGE 25


  C:28A1H         LINE#         355
  C:28A4H         LINE#         357
  C:28A6H         LINE#         359
  C:28A8H         LINE#         361
  C:28AAH         LINE#         362
  C:28AAH         LINE#         363
  C:28AFH         LINE#         364
  C:28AFH         LINE#         365
  C:28B4H         LINE#         366
  C:28B4H         LINE#         367
  C:28C1H         LINE#         368
  C:28CDH         LINE#         370
  C:28DEH         LINE#         371
  C:28EFH         LINE#         372
  C:28FAH         LINE#         373
  C:2906H         LINE#         374
  C:2906H         LINE#         375
  C:290BH         LINE#         376
  C:290BH         LINE#         378
  C:2911H         LINE#         379
  C:2918H         LINE#         381
  C:2929H         LINE#         382
  C:2933H         LINE#         383
  C:2936H         LINE#         384
  C:2938H         LINE#         385
  -------         ENDPROC       DISPBAND
  -------         PROC          DISPFRAME
  -------         DO            
  D:0004H         SYMBOL        i
  D:0002H         SYMBOL        j
  -------         ENDDO         
  C:2B9EH         LINE#         387
  C:2B9EH         LINE#         388
  C:2B9EH         LINE#         391
  C:2BA1H         LINE#         393
  C:2BA3H         LINE#         395
  C:2BA5H         LINE#         397
  C:2BAAH         LINE#         398
  C:2BC1H         LINE#         399
  C:2BCBH         LINE#         401
  C:2BCEH         LINE#         402
  C:2BCEH         LINE#         403
  C:2BD3H         LINE#         404
  C:2BE4H         LINE#         405
  C:2BEEH         LINE#         406
  C:2BF9H         LINE#         408
  C:2BFEH         LINE#         409
  C:2C16H         LINE#         410
  C:2C20H         LINE#         412
  C:2C22H         LINE#         413
  -------         ENDPROC       DISPFRAME
  -------         PROC          _DISPPICFROMSD
  D:000AH         SYMBOL        PicNum
  -------         DO            
  D:000BH         SYMBOL        Address_S
  D:000FH         SYMBOL        Address_E
  D:0002H         SYMBOL        i
BL51 BANKED LINKER/LOCATER V6.22.4.0                                                  11/09/2023  15:04:40  PAGE 26


  D:0013H         SYMBOL        k
  -------         ENDDO         
  C:250CH         LINE#         482
  C:250EH         LINE#         483
  C:250EH         LINE#         488
  C:2511H         LINE#         490
  C:2514H         LINE#         492
  C:2516H         LINE#         494
  C:2518H         LINE#         496
  C:2522H         LINE#         497
  C:2542H         LINE#         498
  C:255AH         LINE#         499
  C:2570H         LINE#         500
  C:2570H         LINE#         501
  C:257BH         LINE#         505
  C:2584H         LINE#         506
  C:2584H         LINE#         507
  C:259FH         LINE#         508
  C:25A8H         LINE#         510
  C:25BFH         LINE#         512
  C:25C1H         LINE#         513
  C:25C4H         LINE#         514
  -------         ENDPROC       _DISPPICFROMSD
  -------         PROC          DISPSCALEHOR1
  -------         DO            
  D:0069H         SYMBOL        i
  D:006BH         SYMBOL        j
  D:0004H         SYMBOL        k
  -------         ENDDO         
  C:18E1H         LINE#         518
  C:18E1H         LINE#         519
  C:18E1H         LINE#         522
  C:18E4H         LINE#         524
  C:18E6H         LINE#         526
  C:18E8H         LINE#         529
  C:18EAH         LINE#         530
  C:18EAH         LINE#         531
  C:1909H         LINE#         532
  C:190EH         LINE#         533
  C:190EH         LINE#         534
  C:1913H         LINE#         535
  C:1913H         LINE#         536
  C:1920H         LINE#         537
  C:1923H         LINE#         539
  C:1934H         LINE#         540
  C:1945H         LINE#         542
  C:1950H         LINE#         546
  C:1953H         LINE#         547
  C:1953H         LINE#         548
  C:1972H         LINE#         549
  C:1977H         LINE#         550
  C:1977H         LINE#         551
  C:197CH         LINE#         552
  C:197CH         LINE#         553
  C:1993H         LINE#         554
  C:19AAH         LINE#         556
  C:19BBH         LINE#         557
BL51 BANKED LINKER/LOCATER V6.22.4.0                                                  11/09/2023  15:04:40  PAGE 27


  C:19CCH         LINE#         558
  C:19DAH         LINE#         561
  C:19DDH         LINE#         562
  C:19DDH         LINE#         563
  C:19FCH         LINE#         564
  C:1A01H         LINE#         565
  C:1A01H         LINE#         566
  C:1A06H         LINE#         567
  C:1A06H         LINE#         568
  C:1A0BH         LINE#         569
  C:1A10H         LINE#         571
  C:1A21H         LINE#         572
  C:1A32H         LINE#         573
  C:1A3DH         LINE#         576
  C:1A40H         LINE#         577
  C:1A40H         LINE#         578
  C:1A5FH         LINE#         579
  C:1A64H         LINE#         580
  C:1A64H         LINE#         581
  C:1A69H         LINE#         582
  C:1A69H         LINE#         583
  C:1A8AH         LINE#         584
  C:1A99H         LINE#         586
  C:1AAAH         LINE#         587
  C:1ABBH         LINE#         588
  C:1AC9H         LINE#         590
  C:1ACBH         LINE#         591
  -------         ENDPROC       DISPSCALEHOR1
  -------         PROC          DISPSCALEVER
  -------         DO            
  D:0002H         SYMBOL        i
  D:0075H         SYMBOL        j
  D:0004H         SYMBOL        k
  -------         ENDDO         
  C:2046H         LINE#         593
  C:2046H         LINE#         594
  C:2046H         LINE#         597
  C:2049H         LINE#         599
  C:204BH         LINE#         601
  C:204DH         LINE#         604
  C:2055H         LINE#         605
  C:2055H         LINE#         606
  C:205AH         LINE#         607
  C:205AH         LINE#         608
  C:205AH         LINE#         609
  C:205DH         LINE#         611
  C:206EH         LINE#         612
  C:2075H         LINE#         614
  C:2078H         LINE#         615
  C:2078H         LINE#         617
  C:207BH         LINE#         618
  C:207BH         LINE#         620
  C:2080H         LINE#         621
  C:2080H         LINE#         622
  C:208CH         LINE#         623
  C:208FH         LINE#         625
  C:20A0H         LINE#         627
BL51 BANKED LINKER/LOCATER V6.22.4.0                                                  11/09/2023  15:04:40  PAGE 28


  C:20A5H         LINE#         628
  C:20A5H         LINE#         629
  C:20BAH         LINE#         630
  C:20CFH         LINE#         632
  C:20E0H         LINE#         634
  C:20E5H         LINE#         635
  C:20E5H         LINE#         636
  C:20EAH         LINE#         637
  C:20EFH         LINE#         639
  C:2100H         LINE#         641
  C:2105H         LINE#         642
  C:2105H         LINE#         643
  C:2124H         LINE#         644
  C:2130H         LINE#         646
  C:2141H         LINE#         648
  C:214FH         LINE#         650
  C:215DH         LINE#         652
  C:215FH         LINE#         653
  -------         ENDPROC       DISPSCALEVER
  -------         PROC          DISPGRAYHOR16
  -------         DO            
  D:0077H         SYMBOL        i
  D:0004H         SYMBOL        j
  D:0002H         SYMBOL        k
  -------         ENDDO         
  C:2C23H         LINE#         656
  C:2C23H         LINE#         657
  C:2C23H         LINE#         660
  C:2C26H         LINE#         662
  C:2C28H         LINE#         664
  C:2C2AH         LINE#         666
  C:2C2FH         LINE#         667
  C:2C2FH         LINE#         668
  C:2C38H         LINE#         669
  C:2C38H         LINE#         670
  C:2C38H         LINE#         671
  C:2C3BH         LINE#         673
  C:2C42H         LINE#         675
  C:2C45H         LINE#         676
  C:2C45H         LINE#         677
  C:2C48H         LINE#         678
  C:2C48H         LINE#         679
  C:2C6CH         LINE#         680
  C:2C7EH         LINE#         682
  C:2C89H         LINE#         683
  C:2C94H         LINE#         684
  C:2CA5H         LINE#         686
  C:2CA7H         LINE#         687
  -------         ENDPROC       DISPGRAYHOR16
  -------         PROC          DISPGRAYHOR32
  -------         DO            
  D:000AH         SYMBOL        i
  D:0004H         SYMBOL        j
  D:0002H         SYMBOL        k
  -------         ENDDO         
  C:2DA3H         LINE#         689
  C:2DA3H         LINE#         690
BL51 BANKED LINKER/LOCATER V6.22.4.0                                                  11/09/2023  15:04:40  PAGE 29


  C:2DA3H         LINE#         693
  C:2DA6H         LINE#         695
  C:2DA8H         LINE#         697
  C:2DAAH         LINE#         699
  C:2DAFH         LINE#         700
  C:2DAFH         LINE#         701
  C:2DB8H         LINE#         702
  C:2DB8H         LINE#         703
  C:2DB8H         LINE#         704
  C:2DBBH         LINE#         706
  C:2DC2H         LINE#         708
  C:2DC5H         LINE#         709
  C:2DC5H         LINE#         710
  C:2DC8H         LINE#         711
  C:2DC8H         LINE#         712
  C:2DE7H         LINE#         713
  C:2DF3H         LINE#         715
  C:2DFEH         LINE#         716
  C:2E09H         LINE#         717
  C:2E1AH         LINE#         719
  C:2E1CH         LINE#         720
  -------         ENDPROC       DISPGRAYHOR32
  -------         PROC          DISPSCALEHOR2
  -------         DO            
  D:006DH         SYMBOL        i
  D:006FH         SYMBOL        j
  D:0004H         SYMBOL        k
  -------         ENDDO         
  C:1418H         LINE#         722
  C:1418H         LINE#         723
  C:1418H         LINE#         726
  C:141BH         LINE#         728
  C:141DH         LINE#         730
  C:141FH         LINE#         733
  C:1421H         LINE#         734
  C:1421H         LINE#         735
  C:143AH         LINE#         736
  C:143FH         LINE#         737
  C:143FH         LINE#         738
  C:1444H         LINE#         739
  C:1444H         LINE#         740
  C:1451H         LINE#         741
  C:1454H         LINE#         743
  C:1465H         LINE#         744
  C:1476H         LINE#         746
  C:1481H         LINE#         749
  C:1484H         LINE#         750
  C:1484H         LINE#         751
  C:148AH         LINE#         752
  C:148AH         LINE#         753
  C:148FH         LINE#         754
  C:148FH         LINE#         755
  C:14A3H         LINE#         756
  C:14A6H         LINE#         758
  C:14B7H         LINE#         759
  C:14CAH         LINE#         760
  C:14E3H         LINE#         761
BL51 BANKED LINKER/LOCATER V6.22.4.0                                                  11/09/2023  15:04:40  PAGE 30


  C:14EEH         LINE#         763
  C:14F1H         LINE#         764
  C:14F1H         LINE#         765
  C:150AH         LINE#         766
  C:150FH         LINE#         767
  C:150FH         LINE#         768
  C:1514H         LINE#         769
  C:1514H         LINE#         770
  C:1525H         LINE#         771
  C:1536H         LINE#         772
  C:1547H         LINE#         773
  C:1558H         LINE#         774
  C:1563H         LINE#         777
  C:1566H         LINE#         778
  C:1566H         LINE#         779
  C:156CH         LINE#         780
  C:156CH         LINE#         781
  C:1571H         LINE#         782
  C:1571H         LINE#         783
  C:1589H         LINE#         784
  C:15A1H         LINE#         786
  C:15B2H         LINE#         787
  C:15C5H         LINE#         788
  C:15DEH         LINE#         789
  C:15ECH         LINE#         793
  C:15EFH         LINE#         794
  C:15EFH         LINE#         795
  C:1608H         LINE#         796
  C:160DH         LINE#         797
  C:160DH         LINE#         798
  C:1612H         LINE#         799
  C:1612H         LINE#         800
  C:1617H         LINE#         801
  C:161CH         LINE#         803
  C:162DH         LINE#         804
  C:163EH         LINE#         806
  C:1649H         LINE#         809
  C:164CH         LINE#         810
  C:164CH         LINE#         811
  C:1652H         LINE#         812
  C:1652H         LINE#         813
  C:1657H         LINE#         814
  C:1657H         LINE#         815
  C:165CH         LINE#         816
  C:1663H         LINE#         818
  C:1674H         LINE#         819
  C:1687H         LINE#         820
  C:16A0H         LINE#         821
  C:16ABH         LINE#         823
  C:16ADH         LINE#         824
  -------         ENDPROC       DISPSCALEHOR2
  -------         PROC          DISPSNOW
  -------         DO            
  D:0002H         SYMBOL        i
  D:0082H         SYMBOL        j
  D:0004H         SYMBOL        dat
  -------         ENDDO         
BL51 BANKED LINKER/LOCATER V6.22.4.0                                                  11/09/2023  15:04:40  PAGE 31


  C:33ACH         LINE#         826
  C:33ACH         LINE#         827
  C:33ACH         LINE#         831
  C:33AFH         LINE#         833
  C:33B1H         LINE#         835
  C:33B3H         LINE#         838
  C:33B5H         LINE#         840
  C:33B5H         LINE#         841
  C:33B5H         LINE#         842
  C:33B8H         LINE#         843
  C:33B8H         LINE#         844
  C:33BDH         LINE#         845
  C:33C2H         LINE#         846
  C:33C8H         LINE#         847
  C:33CEH         LINE#         848
  C:33D7H         LINE#         850
  C:33DDH         LINE#         851
  C:33E8H         LINE#         853
  C:33EAH         LINE#         854
  -------         ENDPROC       DISPSNOW
  -------         PROC          DISPBLOCK
  -------         DO            
  D:0004H         SYMBOL        i
  D:0082H         SYMBOL        j
  D:0079H         SYMBOL        k
  -------         ENDDO         
  C:244CH         LINE#         856
  C:244CH         LINE#         857
  C:244CH         LINE#         860
  C:2452H         LINE#         862
  C:2455H         LINE#         864
  C:2457H         LINE#         866
  C:2459H         LINE#         869
  C:2464H         LINE#         870
  C:2464H         LINE#         871
  C:2469H         LINE#         872
  C:2469H         LINE#         873
  C:246EH         LINE#         874
  C:2473H         LINE#         875
  C:247CH         LINE#         876
  C:2483H         LINE#         878
  C:2496H         LINE#         879
  C:2496H         LINE#         881
  C:249BH         LINE#         882
  C:249BH         LINE#         883
  C:24A0H         LINE#         884
  C:24A5H         LINE#         885
  C:24AEH         LINE#         887
  C:24B3H         LINE#         888
  C:24B3H         LINE#         889
  C:24B3H         LINE#         890
  C:24B6H         LINE#         891
  C:24BFH         LINE#         893
  C:24C4H         LINE#         894
  C:24C4H         LINE#         895
  C:24C9H         LINE#         896
  C:24CEH         LINE#         897
BL51 BANKED LINKER/LOCATER V6.22.4.0                                                  11/09/2023  15:04:40  PAGE 32


  C:24D7H         LINE#         898
  C:24DEH         LINE#         901
  C:24EAH         LINE#         902
  C:24EAH         LINE#         903
  C:24EFH         LINE#         904
  C:24EFH         LINE#         905
  C:24F4H         LINE#         906
  C:24F9H         LINE#         907
  C:2502H         LINE#         908
  C:2509H         LINE#         910
  C:250BH         LINE#         911
  -------         ENDPROC       DISPBLOCK
  -------         PROC          _WRITEONEDOT
  D:0004H         SYMBOL        color
  C:367FH         LINE#         915
  C:3683H         LINE#         916
  C:3683H         LINE#         918
  C:3685H         LINE#         920
  C:3687H         LINE#         922
  C:368CH         LINE#         923
  C:3691H         LINE#         926
  C:3693H         LINE#         927
  -------         ENDPROC       _WRITEONEDOT
  -------         PROC          _TOORD
  D:0007H         SYMBOL        ch
  C:3277H         LINE#         931
  C:3277H         LINE#         932
  C:3277H         LINE#         933
  C:327DH         LINE#         934
  C:327DH         LINE#         935
  C:327FH         LINE#         936
  C:3280H         LINE#         937
  C:328CH         LINE#         938
  C:328CH         LINE#         939
  C:3290H         LINE#         940
  C:3291H         LINE#         941
  C:329DH         LINE#         942
  C:329DH         LINE#         943
  C:32A1H         LINE#         944
  C:32A2H         LINE#         945
  C:32AEH         LINE#         946
  C:32AEH         LINE#         947
  C:32B2H         LINE#         948
  C:32B3H         LINE#         949
  C:32BFH         LINE#         950
  C:32BFH         LINE#         951
  C:32C3H         LINE#         952
  C:32C4H         LINE#         953
  C:32CAH         LINE#         954
  C:32CAH         LINE#         955
  C:32CCH         LINE#         956
  C:32CCH         LINE#         958
  C:32CCH         LINE#         959
  -------         ENDPROC       _TOORD
  C:2939H         SYMBOL        L?0420
  -------         PROC          L?0419
  -------         ENDPROC       L?0419
BL51 BANKED LINKER/LOCATER V6.22.4.0                                                  11/09/2023  15:04:40  PAGE 33


  C:2939H         SYMBOL        L?0420
  -------         PROC          _DISPONECHAR
  D:001AH         SYMBOL        ord
  D:0006H         SYMBOL        Xstart
  D:0002H         SYMBOL        Ystart
  D:001FH         SYMBOL        TextColor
  D:0021H         SYMBOL        BackColor
  -------         DO            
  D:0023H         SYMBOL        i
  D:0002H         SYMBOL        j
  D:0024H         SYMBOL        p
  D:0003H         SYMBOL        dat
  D:0006H         SYMBOL        index
  -------         ENDDO         
  C:294EH         LINE#         961
  C:2954H         LINE#         962
  C:2954H         LINE#         968
  C:296EH         LINE#         970
  C:2972H         LINE#         972
  C:297BH         LINE#         973
  C:297DH         LINE#         975
  C:298BH         LINE#         977
  C:2994H         LINE#         978
  C:299EH         LINE#         980
  C:29A1H         LINE#         981
  C:29A1H         LINE#         982
  C:29B3H         LINE#         983
  C:29B5H         LINE#         984
  C:29B5H         LINE#         985
  C:29C2H         LINE#         986
  C:29C2H         LINE#         987
  C:29C6H         LINE#         988
  C:29C8H         LINE#         990
  C:29C8H         LINE#         991
  C:29CFH         LINE#         992
  C:29CFH         LINE#         993
  C:29D3H         LINE#         994
  C:29DCH         LINE#         995
  -------         ENDPROC       _DISPONECHAR
  -------         PROC          _DISPSTR
  D:000FH         SYMBOL        str
  D:0012H         SYMBOL        Xstart
  D:0014H         SYMBOL        Ystart
  D:0016H         SYMBOL        TextColor
  D:0018H         SYMBOL        BackColor
  C:29DDH         LINE#         997
  C:29E7H         LINE#         998
  C:29E7H         LINE#         1000
  C:29F8H         LINE#         1001
  C:29F8H         LINE#         1002
  C:2A24H         LINE#         1004
  C:2A2FH         LINE#         1005
  C:2A2FH         LINE#         1006
  C:2A34H         LINE#         1007
  C:2A3FH         LINE#         1008
  C:2A41H         LINE#         1010
  C:2A41H         LINE#         1011
BL51 BANKED LINKER/LOCATER V6.22.4.0                                                  11/09/2023  15:04:40  PAGE 34


  C:2A4CH         LINE#         1012
  C:2A4CH         LINE#         1014
  C:2A57H         LINE#         1015
  C:2A57H         LINE#         1016
  C:2A5CH         LINE#         1017
  C:2A5CH         LINE#         1018
  C:2A5EH         LINE#         1019
  -------         ENDPROC       _DISPSTR
  -------         PROC          _DISPINT
  D:000FH         SYMBOL        i
  D:0011H         SYMBOL        Xstart
  D:0013H         SYMBOL        Ystart
  D:0015H         SYMBOL        TextColor
  D:0017H         SYMBOL        BackColor
  C:2A78H         LINE#         1022
  C:2A84H         LINE#         1023
  C:2A84H         LINE#         1024
  C:2A8FH         LINE#         1025
  C:2A8FH         LINE#         1026
  C:2A95H         LINE#         1027
  C:2A95H         LINE#         1028
  C:2AA0H         LINE#         1029
  C:2AA0H         LINE#         1030
  C:2AACH         LINE#         1031
  C:2AACH         LINE#         1033
  C:2AC9H         LINE#         1034
  C:2AD5H         LINE#         1035
  C:2AECH         LINE#         1036
  C:2AF8H         LINE#         1038
  -------         ENDPROC       _DISPINT
  -------         PROC          READDATA
  -------         DO            
  D:0004H         SYMBOL        i
  D:0006H         SYMBOL        dat
  -------         ENDDO         
  C:0003H         LINE#         1083
  C:0003H         LINE#         1084
  C:0003H         LINE#         1085
  C:0008H         LINE#         1088
  C:0008H         LINE#         1089
  C:0008H         LINE#         1091
  C:000AH         LINE#         1092
  C:000CH         LINE#         1093
  C:0012H         LINE#         1094
  C:0021H         LINE#         1095
  C:0029H         LINE#         1096
  C:002FH         LINE#         1097
  C:0031H         LINE#         1098
  C:0037H         LINE#         1099
  C:0042H         LINE#         1100
  C:0042H         LINE#         1102
  -------         ENDPROC       READDATA
  -------         PROC          _READ_ID
  D:0007H         SYMBOL        id
  -------         DO            
  D:004BH         SYMBOL        temp
  D:004FH         SYMBOL        temp1
BL51 BANKED LINKER/LOCATER V6.22.4.0                                                  11/09/2023  15:04:40  PAGE 35


  D:0053H         SYMBOL        temp2
  D:0057H         SYMBOL        temp3
  D:0004H         SYMBOL        return_data
  -------         ENDDO         
  C:3111H         LINE#         1106
  C:3111H         LINE#         1107
  C:3111H         LINE#         1110
  C:3113H         LINE#         1112
  C:3115H         LINE#         1114
  C:3118H         LINE#         1115
  C:311AH         LINE#         1116
  C:311CH         LINE#         1117
  C:311EH         LINE#         1119
  C:312AH         LINE#         1120
  C:3136H         LINE#         1121
  C:3142H         LINE#         1122
  C:314EH         LINE#         1123
  C:3150H         LINE#         1125
  C:316DH         LINE#         1126
  C:316DH         LINE#         1129
  -------         ENDPROC       _READ_ID
  -------         PROC          _PUTPIXEL
  D:0006H         SYMBOL        x
[...]
  C:170BH         LINE#         262
  C:170EH         LINE#         263
  C:1713H         LINE#         264
  C:1713H         LINE#         265
  C:1718H         LINE#         266
  C:1728H         LINE#         267
  C:1732H         LINE#         269
  C:1737H         LINE#         270
  C:173AH         LINE#         271
  C:174AH         LINE#         273
  C:1761H         LINE#         275
  C:1776H         LINE#         276
  C:17AAH         LINE#         277
  C:17AAH         LINE#         278
  C:17AAH         LINE#         279
  C:17ADH         LINE#         280
  C:17AFH         LINE#         281
  C:17AFH         LINE#         282
  C:17B2H         LINE#         283
  C:17B4H         LINE#         284
  C:17B4H         LINE#         285
  C:17B7H         LINE#         286
  C:17B9H         LINE#         287
  C:17B9H         LINE#         288
  C:17BCH         LINE#         289
  C:17BEH         LINE#         290
  C:17BEH         LINE#         291
  C:17C1H         LINE#         292
  C:17C3H         LINE#         293
  C:17C3H         LINE#         294
  C:17C6H         LINE#         295
  C:17C8H         LINE#         296
  C:17C8H         LINE#         297
  C:17CBH         LINE#         298
  C:17CDH         LINE#         299
  C:17CDH         LINE#         300
  C:17D0H         LINE#         301
  C:17D2H         LINE#         302
  C:17D2H         LINE#         303
  C:17D5H         LINE#         304
  C:17D7H         LINE#         305
  C:17D7H         LINE#         306
  C:17DAH         LINE#         307
  C:17DCH         LINE#         308
  C:17DCH         LINE#         309
  C:17DFH         LINE#         310
  C:17DFH         LINE#         311
  C:17DFH         LINE#         312
  C:17DFH         LINE#         313
  C:17DFH         LINE#         314
BL51 BANKED LINKER/LOCATER V6.22.4.0                                                  11/09/2023  15:04:40  PAGE 42


  C:17EAH         LINE#         315
  C:17EAH         LINE#         316
  C:17F0H         LINE#         317
  C:17FFH         LINE#         318
  C:17FFH         LINE#         319
  C:1804H         LINE#         320
  C:1807H         LINE#         321
  C:1816H         LINE#         322
  C:1816H         LINE#         323
  C:182BH         LINE#         324
  C:1830H         LINE#         325
  C:1838H         LINE#         326
  C:1842H         LINE#         327
  C:1850H         LINE#         328
  C:185EH         LINE#         329
  C:1860H         LINE#         331
  C:1860H         LINE#         332
  C:1865H         LINE#         333
  C:1868H         LINE#         334
  C:1880H         LINE#         335
  C:1880H         LINE#         336
  C:1899H         LINE#         337
  C:189EH         LINE#         338
  C:18A6H         LINE#         339
  C:18ADH         LINE#         340
  C:18B2H         LINE#         341
  C:18B2H         LINE#         342
  C:18C6H         LINE#         343
  C:18C6H         LINE#         344
  C:18CDH         LINE#         345
  C:18D2H         LINE#         346
  C:18D2H         LINE#         347
  C:18E0H         LINE#         348
  C:18E0H         LINE#         349
  -------         ENDPROC       USBXCORE_HANDLE_SETUP
  -------         PROC          USBXCORE_FORCE_STALL
  C:3633H         LINE#         356
  C:3633H         LINE#         358
  C:363EH         LINE#         359
  C:3649H         LINE#         360
  C:364FH         LINE#         361
  -------         ENDPROC       USBXCORE_FORCE_STALL
  -------         PROC          USBXCORE_GET_STATUS
  C:2F05H         LINE#         367
  C:2F05H         LINE#         369
  C:2F14H         LINE#         370
  C:2F14H         LINE#         371
  C:2F14H         LINE#         372
  C:2F14H         LINE#         373
  C:2F14H         LINE#         374
  C:2F16H         LINE#         375
  C:2F16H         LINE#         379
  C:2F16H         LINE#         381
  C:2F24H         LINE#         385
  C:2F24H         LINE#         386
  C:2F24H         LINE#         387
  C:2F24H         LINE#         388
BL51 BANKED LINKER/LOCATER V6.22.4.0                                                  11/09/2023  15:04:40  PAGE 43


  C:2F26H         LINE#         390
  C:2F26H         LINE#         392
  C:2F34H         LINE#         396
  C:2F34H         LINE#         397
  C:2F41H         LINE#         398
  C:2F41H         LINE#         399
  C:2F43H         LINE#         401
  C:2F43H         LINE#         402
  C:2F51H         LINE#         403
  C:2F5AH         LINE#         404
  C:2F5AH         LINE#         405
  C:2F5AH         LINE#         406
  C:2F5CH         LINE#         407
  C:2F5CH         LINE#         408
  C:2F5FH         LINE#         409
  C:2F5FH         LINE#         410
  C:2F5FH         LINE#         411
  C:2F67H         LINE#         412
  C:2F67H         LINE#         413
  C:2F6AH         LINE#         414
  C:2F70H         LINE#         415
  C:2F77H         LINE#         416
  C:2F77H         LINE#         417
  -------         ENDPROC       USBXCORE_GET_STATUS
  -------         PROC          USBXCORE_CLEAR_FEATURE
  C:31C8H         LINE#         423
  C:31C8H         LINE#         425
  C:31CEH         LINE#         426
  C:31CEH         LINE#         428
  C:31D5H         LINE#         429
  C:31D5H         LINE#         430
  C:31E0H         LINE#         436
  C:31EBH         LINE#         437
  C:31F0H         LINE#         438
  C:31F2H         LINE#         440
  C:31F2H         LINE#         442
  C:31FDH         LINE#         446
  C:3208H         LINE#         447
  C:320DH         LINE#         448
  C:320DH         LINE#         449
  C:320FH         LINE#         451
  C:320FH         LINE#         452
  C:3212H         LINE#         453
  C:3212H         LINE#         454
  C:321DH         LINE#         455
  -------         ENDPROC       USBXCORE_CLEAR_FEATURE
  -------         PROC          USBXCORE_VENDOR_USB_API
  C:237FH         LINE#         462
  C:237FH         LINE#         464
  C:2389H         LINE#         465
  C:2389H         LINE#         466
  C:2390H         LINE#         467
  C:2390H         LINE#         468
  C:2393H         LINE#         469
  C:2396H         LINE#         470
  C:2398H         LINE#         472
  C:2398H         LINE#         473
BL51 BANKED LINKER/LOCATER V6.22.4.0                                                  11/09/2023  15:04:40  PAGE 44


  C:239FH         LINE#         474
  C:239FH         LINE#         477
  C:23AAH         LINE#         482
  C:23B5H         LINE#         483
  C:23C0H         LINE#         485
  C:23C0H         LINE#         486
  C:23D3H         LINE#         487
  C:23D3H         LINE#         488
  C:23D7H         LINE#         489
  C:23E2H         LINE#         491
  C:23E2H         LINE#         492
  C:23F5H         LINE#         493
  C:23F5H         LINE#         494
  C:23F9H         LINE#         495
  C:2404H         LINE#         497
  C:240AH         LINE#         498
  C:2412H         LINE#         499
  C:2412H         LINE#         500
  C:2415H         LINE#         501
  C:2415H         LINE#         502
  C:2415H         LINE#         503
  C:2420H         LINE#         504
  C:2420H         LINE#         505
  C:2426H         LINE#         506
  C:242DH         LINE#         507
  C:242DH         LINE#         508
  C:2431H         LINE#         509
  C:2431H         LINE#         510
  C:2437H         LINE#         511
  C:243EH         LINE#         512
  C:243EH         LINE#         513
  C:2449H         LINE#         514
  -------         ENDPROC       USBXCORE_VENDOR_USB_API
  -------         PROC          USBXCORE_SET_FEATURE
  C:3220H         LINE#         521
  C:3220H         LINE#         523
  C:3226H         LINE#         524
  C:3226H         LINE#         526
  C:322DH         LINE#         527
  C:322DH         LINE#         528
  C:3238H         LINE#         534
  C:3243H         LINE#         535
  C:3246H         LINE#         536
  C:3248H         LINE#         538
  C:3248H         LINE#         540
  C:3253H         LINE#         544
  C:325EH         LINE#         545
  C:3264H         LINE#         546
  C:3264H         LINE#         548
  C:3266H         LINE#         550
  C:3266H         LINE#         551
  C:3269H         LINE#         552
  C:3269H         LINE#         553
  C:3274H         LINE#         554
  -------         ENDPROC       USBXCORE_SET_FEATURE
  -------         PROC          USBXCORE_SET_ADDRESS
  C:3613H         LINE#         561
BL51 BANKED LINKER/LOCATER V6.22.4.0                                                  11/09/2023  15:04:40  PAGE 45


  C:3613H         LINE#         563
  C:3622H         LINE#         564
  C:3628H         LINE#         565
  C:3628H         LINE#         566
  C:362BH         LINE#         567
  C:362DH         LINE#         569
  C:362DH         LINE#         570
  C:3630H         LINE#         571
  C:3630H         LINE#         572
  -------         ENDPROC       USBXCORE_SET_ADDRESS
  -------         PROC          USBXCORE_GET_DESCRIPTOR
  C:272AH         LINE#         579
  C:272AH         LINE#         580
  C:2739H         LINE#         581
  C:2739H         LINE#         582
  C:2739H         LINE#         583
  C:2747H         LINE#         584
  C:274BH         LINE#         585
  C:274DH         LINE#         586
  C:274DH         LINE#         587
  C:275BH         LINE#         588
  C:276EH         LINE#         589
  C:2770H         LINE#         590
  C:2770H         LINE#         591
  C:2794H         LINE#         592
  C:27A0H         LINE#         593
  C:27A2H         LINE#         594
  C:27A2H         LINE#         595
  C:27A5H         LINE#         596
  C:27A5H         LINE#         597
  C:27A5H         LINE#         598
  C:27BBH         LINE#         599
  C:27BBH         LINE#         600
  C:27C3H         LINE#         601
  C:27C3H         LINE#         602
  C:27CBH         LINE#         603
  C:27CBH         LINE#         604
  C:27CEH         LINE#         605
  C:27D4H         LINE#         606
  C:27DBH         LINE#         607
  C:27DBH         LINE#         608
  -------         ENDPROC       USBXCORE_GET_DESCRIPTOR
  -------         PROC          USBXCORE_GET_CONFIGURATION
  C:3365H         LINE#         614
  C:3365H         LINE#         616
  C:336DH         LINE#         617
  C:336DH         LINE#         618
  C:3379H         LINE#         619
  C:3381H         LINE#         620
  C:3381H         LINE#         621
  C:3385H         LINE#         622
  C:3385H         LINE#         623
  C:3393H         LINE#         624
  C:339BH         LINE#         625
  C:339BH         LINE#         626
  C:339EH         LINE#         627
  C:33A4H         LINE#         628
BL51 BANKED LINKER/LOCATER V6.22.4.0                                                  11/09/2023  15:04:40  PAGE 46


  C:33ABH         LINE#         629
  -------         ENDPROC       USBXCORE_GET_CONFIGURATION
  -------         PROC          USBXCORE_SET_CONFIGURATION
  C:316EH         LINE#         635
  C:316EH         LINE#         637
  C:3177H         LINE#         638
  C:3177H         LINE#         639
  C:317EH         LINE#         640
  C:3184H         LINE#         641
  C:3189H         LINE#         642
  C:318BH         LINE#         644
  C:3196H         LINE#         645
  C:31A1H         LINE#         646
  C:31ACH         LINE#         653
  C:31B7H         LINE#         654
  C:31B9H         LINE#         656
  C:31B9H         LINE#         657
  C:31BFH         LINE#         658
  C:31C3H         LINE#         659
  C:31C5H         LINE#         660
  C:31C5H         LINE#         661
  -------         ENDPROC       USBXCORE_SET_CONFIGURATION
  -------         PROC          USBXCORE_GET_INTERFACE
  C:353DH         LINE#         668
  C:353DH         LINE#         670
  C:354BH         LINE#         671
  C:3553H         LINE#         672
  C:3556H         LINE#         673
  C:355CH         LINE#         674
  C:3563H         LINE#         675
  -------         ENDPROC       USBXCORE_GET_INTERFACE
  -------         PROC          USBXCORE_SET_SOP
  C:3694H         LINE#         682
  C:3694H         LINE#         684
  C:369CH         LINE#         685
  C:369CH         LINE#         686
  C:36A7H         LINE#         687
  C:36A7H         LINE#         688
  -------         ENDPROC       USBXCORE_SET_SOP
  -------         PROC          USBXCORE_USB_ISR
  C:1CA3H         LINE#         699
  C:1CC0H         LINE#         702
  C:1CC6H         LINE#         703
  C:1CD9H         LINE#         706
  C:1CECH         LINE#         709
  C:1CF0H         LINE#         710
  C:1CF0H         LINE#         711
  C:1CFBH         LINE#         712
  C:1CFBH         LINE#         714
  C:1D02H         LINE#         715
  C:1D02H         LINE#         716
  C:1D05H         LINE#         717
  C:1D05H         LINE#         719
  C:1D0CH         LINE#         720
  C:1D0CH         LINE#         721
  C:1D19H         LINE#         722
  C:1D19H         LINE#         723
BL51 BANKED LINKER/LOCATER V6.22.4.0                                                  11/09/2023  15:04:40  PAGE 47


  C:1D20H         LINE#         724
  C:1D20H         LINE#         725
  C:1D20H         LINE#         727
  C:1D20H         LINE#         728
  C:1D20H         LINE#         730
  C:1D20H         LINE#         732
  C:1D33H         LINE#         734
  C:1D37H         LINE#         735
  C:1D37H         LINE#         736
  C:1D3AH         LINE#         737
  C:1D3AH         LINE#         740
  C:1D41H         LINE#         741
  C:1D41H         LINE#         742
  C:1D4CH         LINE#         748
  C:1D5FH         LINE#         749
  C:1D64H         LINE#         750
  C:1D64H         LINE#         751
  C:1D6BH         LINE#         752
  C:1D6BH         LINE#         754
  C:1D6BH         LINE#         756
  C:1D7EH         LINE#         759
  C:1D82H         LINE#         760
  C:1D82H         LINE#         761
  C:1D8DH         LINE#         767
  C:1DA0H         LINE#         768
  C:1DA4H         LINE#         769
  C:1DA4H         LINE#         770
  C:1DABH         LINE#         771
  C:1DABH         LINE#         772
  C:1DABH         LINE#         775
  C:1DB9H         LINE#         776
  C:1DBEH         LINE#         777
  C:1DC4H         LINE#         778
  C:1DC9H         LINE#         781
  C:1DD6H         LINE#         782
  C:1DD6H         LINE#         783
  C:1DD9H         LINE#         784
  C:1DD9H         LINE#         785
  -------         ENDPROC       USBXCORE_USB_ISR
  -------         ENDMOD        USB_API

  -------         MODULE        USB_SUSPEND
  C:0000H         SYMBOL        _ICE_DUMMY_
  D:00D7H         PUBLIC        USB0XCN
  D:00C9H         PUBLIC        REG0CN
  C:34C2H         PUBLIC        USB_Suspend
  D:00A9H         PUBLIC        CLKSEL
  D:00B2H         PUBLIC        OSCICN
  D:00B9H         PUBLIC        CLKMUL
  -------         PROC          USB_SUSPEND
  C:34C2H         LINE#         70
  C:34C2H         LINE#         72
  C:34C5H         LINE#         74
  C:34C8H         LINE#         76
  C:34D0H         LINE#         79
  C:34D3H         LINE#         80
  C:34D6H         LINE#         81
BL51 BANKED LINKER/LOCATER V6.22.4.0                                                  11/09/2023  15:04:40  PAGE 48


  C:34D9H         LINE#         82
  C:34DCH         LINE#         84
  C:34DDH         LINE#         86
  C:34E0H         LINE#         88
  C:34E6H         LINE#         92
  C:34E9H         LINE#         94
  C:34ECH         LINE#         95
  -------         ENDPROC       USB_SUSPEND
  -------         ENDMOD        USB_SUSPEND

  -------         MODULE        USB_INT_ENABLE
  C:0000H         SYMBOL        _ICE_DUMMY_
  C:3650H         PUBLIC        USB_Int_Enable
  D:0096H         PUBLIC        USB0ADR
  D:0097H         PUBLIC        USB0DAT
  -------         PROC          USB_INT_ENABLE
  C:3650H         LINE#         68
  C:3650H         LINE#         71
  C:3657H         LINE#         73
  C:365DH         LINE#         74
  C:365DH         LINE#         75
  C:3668H         LINE#         77
  C:3668H         LINE#         78
  -------         ENDPROC       USB_INT_ENABLE
  -------         ENDMOD        USB_INT_ENABLE

  -------         MODULE        USB_CLOCK_RECOVERY
  C:0000H         SYMBOL        _ICE_DUMMY_
  C:36D9H         PUBLIC        USBXcore_ClkRec
  D:0096H         PUBLIC        USB0ADR
  D:0097H         PUBLIC        USB0DAT
  -------         PROC          USBXCORE_CLKREC
  C:36D9H         LINE#         45
  C:36D9H         LINE#         47
  C:36E4H         LINE#         48
  -------         ENDPROC       USBXCORE_CLKREC
  -------         ENDMOD        USB_CLOCK_RECOVERY

  -------         MODULE        ?C?COPY
  C:11D3H         PUBLIC        ?C?COPY
  -------         ENDMOD        ?C?COPY

  -------         MODULE        ?C?CLDPTR
  C:11F9H         PUBLIC        ?C?CLDPTR
  -------         ENDMOD        ?C?CLDPTR

  -------         MODULE        ?C?CLDOPTR
  C:1212H         PUBLIC        ?C?CLDOPTR
  -------         ENDMOD        ?C?CLDOPTR

  -------         MODULE        ?C?IMUL
  C:123FH         PUBLIC        ?C?IMUL
  -------         ENDMOD        ?C?IMUL

  -------         MODULE        ?C?IILDX
  C:1251H         PUBLIC        ?C?IILDX
  -------         ENDMOD        ?C?IILDX
BL51 BANKED LINKER/LOCATER V6.22.4.0                                                  11/09/2023  15:04:40  PAGE 49



  -------         MODULE        ?C?LMUL
  C:1267H         PUBLIC        ?C?LMUL
  -------         ENDMOD        ?C?LMUL

  -------         MODULE        ?C?ULDIV
  C:12F2H         PUBLIC        ?C?ULDIV
  -------         ENDMOD        ?C?ULDIV

  -------         MODULE        ?C?ULCMP
  C:1384H         PUBLIC        ?C?ULCMP
  -------         ENDMOD        ?C?ULCMP

  -------         MODULE        ?C?ULSHR
  C:1395H         PUBLIC        ?C?ULSHR
  -------         ENDMOD        ?C?ULSHR

  -------         MODULE        ?C?LSHL
  C:13A8H         PUBLIC        ?C?LSHL
  -------         ENDMOD        ?C?LSHL

  -------         MODULE        ?C?LLDIIDATA
  C:13C4H         PUBLIC        ?C?LLDIIDATA
  C:13BBH         PUBLIC        ?C?LLDIIDATA1
  C:13BDH         PUBLIC        ?C?LLDIIDATA8
  -------         ENDMOD        ?C?LLDIIDATA

  -------         MODULE        ?C?LSTXDATA
  C:13DBH         PUBLIC        ?C?LSTXDATA
  -------         ENDMOD        ?C?LSTXDATA

  -------         MODULE        ?C?LSTKXDATA
  C:13E7H         PUBLIC        ?C?LSTKXDATA
  -------         ENDMOD        ?C?LSTKXDATA

  -------         MODULE        ?C_IBP
  D:007DH         PUBLIC        ?C_IBP
  -------         ENDMOD        ?C_IBP

*** WARNING L16: UNCALLED SEGMENT, IGNORED FOR OVERLAY PROCESS
    SEGMENT: ?PR?_STOPDELAY?MAIN

*** WARNING L16: UNCALLED SEGMENT, IGNORED FOR OVERLAY PROCESS
    SEGMENT: ?PR?DISPBAND?LCD

*** WARNING L16: UNCALLED SEGMENT, IGNORED FOR OVERLAY PROCESS
    SEGMENT: ?PR?DISPSCALEHOR1?LCD

*** WARNING L16: UNCALLED SEGMENT, IGNORED FOR OVERLAY PROCESS
    SEGMENT: ?PR?DISPSCALEVER?LCD

*** WARNING L16: UNCALLED SEGMENT, IGNORED FOR OVERLAY PROCESS
    SEGMENT: ?PR?DISPGRAYHOR16?LCD

*** WARNING L16: UNCALLED SEGMENT, IGNORED FOR OVERLAY PROCESS
    SEGMENT: ?PR?DISPSCALEHOR2?LCD

BL51 BANKED LINKER/LOCATER V6.22.4.0                                                  11/09/2023  15:04:40  PAGE 50


*** WARNING L16: UNCALLED SEGMENT, IGNORED FOR OVERLAY PROCESS
    SEGMENT: ?PR?DISPSNOW?LCD

*** WARNING L16: UNCALLED SEGMENT, IGNORED FOR OVERLAY PROCESS
    SEGMENT: ?PR?DISPBLOCK?LCD

*** WARNING L16: UNCALLED SEGMENT, IGNORED FOR OVERLAY PROCESS
    SEGMENT: ?PR?_READ_ID?LCD

*** WARNING L16: UNCALLED SEGMENT, IGNORED FOR OVERLAY PROCESS
    SEGMENT: ?PR?TP_DRAWLINE?TP

Program Size: data=127.0 xdata=1152 code=14090
LINK/LOCATE RUN COMPLETE.  10 WARNING(S),  0 ERROR(S)
